Encryption Started at: 1766849839612
Encrypted: 20MB-TESTFILE.ORG - Copy (2) - Copy.pdf
Encrypted: 20MB-TESTFILE.ORG - Copy (2).pdf
Encrypted: 20MB-TESTFILE.ORG - Copy (3).pdf
Encrypted: 20MB-TESTFILE.ORG - Copy - Copy (2).pdf
Encrypted: 20MB-TESTFILE.ORG - Copy - Copy - Copy.pdf
Encrypted: 20MB-TESTFILE.ORG - Copy - Copy.pdf
Encrypted: 20MB-TESTFILE.ORG - Copy.pdf
Encrypted: 20MB-TESTFILE.ORG copy 2 - Copy (2) - Copy.pdf
Encrypted: 20MB-TESTFILE.ORG copy 2 - Copy (2).pdf
Encrypted: 20MB-TESTFILE.ORG copy 2 - Copy (3).pdf
Encrypted: 20MB-TESTFILE.ORG copy 2 - Copy - Copy (2).pdf
Encrypted: 20MB-TESTFILE.ORG copy 2 - Copy - Copy - Copy.pdf
Encrypted: 20MB-TESTFILE.ORG copy 2 - Copy - Copy.pdf
Encrypted: 20MB-TESTFILE.ORG copy 2 - Copy.pdf
Encrypted: 20MB-TESTFILE.ORG copy 2.pdf
Encrypted: 20MB-TESTFILE.ORG copy 3 - Copy (2) - Copy.pdf
Encrypted: 20MB-TESTFILE.ORG copy 3 - Copy (2).pdf
Encrypted: 20MB-TESTFILE.ORG copy 3 - Copy (3).pdf
Encrypted: 20MB-TESTFILE.ORG copy 3 - Copy - Copy (2).pdf
Encrypted: 20MB-TESTFILE.ORG copy 3 - Copy - Copy - Copy.pdf
Encrypted: 20MB-TESTFILE.ORG copy 3 - Copy - Copy.pdf
Encrypted: 20MB-TESTFILE.ORG copy 3 - Copy.pdf
Encrypted: 20MB-TESTFILE.ORG copy 3.pdf
Encrypted: 20MB-TESTFILE.ORG copy 4 - Copy (2) - Copy.pdf
Encrypted: 20MB-TESTFILE.ORG copy 4 - Copy (2).pdf
Encrypted: 20MB-TESTFILE.ORG copy 4 - Copy (3).pdf
Encrypted: 20MB-TESTFILE.ORG copy 4 - Copy - Copy (2).pdf
Encrypted: 20MB-TESTFILE.ORG copy 4 - Copy - Copy - Copy.pdf
Encrypted: 20MB-TESTFILE.ORG copy 4 - Copy - Copy.pdf
Encrypted: 20MB-TESTFILE.ORG copy 4 - Copy.pdf
Encrypted: 20MB-TESTFILE.ORG copy 4.pdf
Encrypted: 20MB-TESTFILE.ORG copy 5 - Copy (2) - Copy.pdf
Encrypted: 20MB-TESTFILE.ORG copy 5 - Copy (2).pdf
Encrypted: 20MB-TESTFILE.ORG copy 5 - Copy (3).pdf
Encrypted: 20MB-TESTFILE.ORG copy 5 - Copy - Copy (2).pdf
Encrypted: 20MB-TESTFILE.ORG copy 5 - Copy - Copy - Copy.pdf
Encrypted: 20MB-TESTFILE.ORG copy 5 - Copy - Copy.pdf
Encrypted: 20MB-TESTFILE.ORG copy 5 - Copy.pdf
Encrypted: 20MB-TESTFILE.ORG copy 5.pdf
Encrypted: 20MB-TESTFILE.ORG.pdf
Encrypted: file-sample_100kB - Copy (2) - Copy.doc
Encrypted: file-sample_100kB - Copy (2) - Copy.docx
Encrypted: file-sample_100kB - Copy (2).doc
Encrypted: file-sample_100kB - Copy (2).docx
Encrypted: file-sample_100kB - Copy (3).doc
Encrypted: file-sample_100kB - Copy (3).docx
Encrypted: file-sample_100kB - Copy - Copy (2).doc
Encrypted: file-sample_100kB - Copy - Copy (2).docx
Encrypted: file-sample_100kB - Copy - Copy - Copy.doc
Encrypted: file-sample_100kB - Copy - Copy - Copy.docx
Encrypted: file-sample_100kB - Copy - Copy.doc
Encrypted: file-sample_100kB - Copy - Copy.docx
Encrypted: file-sample_100kB - Copy.doc
Encrypted: file-sample_100kB - Copy.docx
Encrypted: file-sample_100kB.doc
Encrypted: file-sample_100kB.docx
Encrypted: file-sample_1MB - Copy (2) - Copy.docx
Encrypted: file-sample_1MB - Copy (2).docx
Encrypted: file-sample_1MB - Copy (3).docx
Encrypted: file-sample_1MB - Copy - Copy (2).docx
Encrypted: file-sample_1MB - Copy - Copy - Copy.docx
Encrypted: file-sample_1MB - Copy - Copy.docx
Encrypted: file-sample_1MB - Copy.docx
Encrypted: file-sample_1MB.docx
Encrypted: file_example_favicon - Copy (2) - Copy.ico
Encrypted: file_example_favicon - Copy (2).ico
Encrypted: file_example_favicon - Copy (3).ico
Encrypted: file_example_favicon - Copy - Copy (2).ico
Encrypted: file_example_favicon - Copy - Copy - Copy.ico
Encrypted: file_example_favicon - Copy - Copy.ico
Encrypted: file_example_favicon - Copy.ico
Encrypted: file_example_favicon.ico
Encrypted: file_example_JPG_500kB - Copy (2) - Copy.jpg
Encrypted: file_example_JPG_500kB - Copy (2).jpg
Encrypted: file_example_JPG_500kB - Copy (3).jpg
Encrypted: file_example_JPG_500kB - Copy - Copy (2).jpg
Encrypted: file_example_JPG_500kB - Copy - Copy - Copy.jpg
Encrypted: file_example_JPG_500kB - Copy - Copy.jpg
Encrypted: file_example_JPG_500kB - Copy.jpg
Encrypted: file_example_JPG_500kB.jpg
Encrypted: file_example_MP3_2MG - Copy (2) - Copy.mp3
Encrypted: file_example_MP3_2MG - Copy (2).mp3
Encrypted: file_example_MP3_2MG - Copy (3).mp3
Encrypted: file_example_MP3_2MG - Copy - Copy (2).mp3
Encrypted: file_example_MP3_2MG - Copy - Copy - Copy.mp3
Encrypted: file_example_MP3_2MG - Copy - Copy.mp3
Encrypted: file_example_MP3_2MG - Copy.mp3
Encrypted: file_example_MP3_2MG.mp3
Encrypted: file_example_PNG_500kB - Copy (2) - Copy.png
Encrypted: file_example_PNG_500kB - Copy (2).png
Encrypted: file_example_PNG_500kB - Copy (3).png
Encrypted: file_example_PNG_500kB - Copy - Copy (2).png
Encrypted: file_example_PNG_500kB - Copy - Copy - Copy.png
Encrypted: file_example_PNG_500kB - Copy - Copy.png
Encrypted: file_example_PNG_500kB - Copy.png
Encrypted: file_example_PNG_500kB.png
Encrypted: file_example_PPT_1MB - Copy (2) - Copy.ppt
Encrypted: file_example_PPT_1MB - Copy (2).ppt
Encrypted: file_example_PPT_1MB - Copy (3).ppt
Encrypted: file_example_PPT_1MB - Copy - Copy (2).ppt
Encrypted: file_example_PPT_1MB - Copy - Copy - Copy.ppt
Encrypted: file_example_PPT_1MB - Copy - Copy.ppt
Encrypted: file_example_PPT_1MB - Copy.ppt
Encrypted: file_example_PPT_1MB.ppt
Decryption Started at: 1766849850100
Decrypted: 20MB-TESTFILE.ORG - Copy (2) - Copy.pdf
Decrypted: 20MB-TESTFILE.ORG - Copy (2).pdf
Decrypted: 20MB-TESTFILE.ORG - Copy (3).pdf
Decrypted: 20MB-TESTFILE.ORG - Copy - Copy (2).pdf
Decrypted: 20MB-TESTFILE.ORG - Copy - Copy - Copy.pdf
Decrypted: 20MB-TESTFILE.ORG - Copy - Copy.pdf
Decrypted: 20MB-TESTFILE.ORG - Copy.pdf
Decrypted: 20MB-TESTFILE.ORG copy 2 - Copy (2) - Copy.pdf
Decrypted: 20MB-TESTFILE.ORG copy 2 - Copy (2).pdf
Decrypted: 20MB-TESTFILE.ORG copy 2 - Copy (3).pdf
Decrypted: 20MB-TESTFILE.ORG copy 2 - Copy - Copy (2).pdf
Decrypted: 20MB-TESTFILE.ORG copy 2 - Copy - Copy - Copy.pdf
Decrypted: 20MB-TESTFILE.ORG copy 2 - Copy - Copy.pdf
Decrypted: 20MB-TESTFILE.ORG copy 2 - Copy.pdf
Decrypted: 20MB-TESTFILE.ORG copy 2.pdf
Decrypted: 20MB-TESTFILE.ORG copy 3 - Copy (2) - Copy.pdf
Decrypted: 20MB-TESTFILE.ORG copy 3 - Copy (2).pdf
Decrypted: 20MB-TESTFILE.ORG copy 3 - Copy (3).pdf
Decrypted: 20MB-TESTFILE.ORG copy 3 - Copy - Copy (2).pdf
Decrypted: 20MB-TESTFILE.ORG copy 3 - Copy - Copy - Copy.pdf
Decrypted: 20MB-TESTFILE.ORG copy 3 - Copy - Copy.pdf
Decrypted: 20MB-TESTFILE.ORG copy 3 - Copy.pdf
Decrypted: 20MB-TESTFILE.ORG copy 3.pdf
Decrypted: 20MB-TESTFILE.ORG copy 4 - Copy (2) - Copy.pdf
Decrypted: 20MB-TESTFILE.ORG copy 4 - Copy (2).pdf
Decrypted: 20MB-TESTFILE.ORG copy 4 - Copy (3).pdf
Decrypted: 20MB-TESTFILE.ORG copy 4 - Copy - Copy (2).pdf
Decrypted: 20MB-TESTFILE.ORG copy 4 - Copy - Copy - Copy.pdf
Decrypted: 20MB-TESTFILE.ORG copy 4 - Copy - Copy.pdf
Decrypted: 20MB-TESTFILE.ORG copy 4 - Copy.pdf
Decrypted: 20MB-TESTFILE.ORG copy 4.pdf
Decrypted: 20MB-TESTFILE.ORG copy 5 - Copy (2) - Copy.pdf
Decrypted: 20MB-TESTFILE.ORG copy 5 - Copy (2).pdf
Decrypted: 20MB-TESTFILE.ORG copy 5 - Copy (3).pdf
Decrypted: 20MB-TESTFILE.ORG copy 5 - Copy - Copy (2).pdf
Decrypted: 20MB-TESTFILE.ORG copy 5 - Copy - Copy - Copy.pdf
Decrypted: 20MB-TESTFILE.ORG copy 5 - Copy - Copy.pdf
Decrypted: 20MB-TESTFILE.ORG copy 5 - Copy.pdf
Decrypted: 20MB-TESTFILE.ORG copy 5.pdf
Decrypted: 20MB-TESTFILE.ORG.pdf
Decrypted: file-sample_100kB - Copy (2) - Copy.doc
Decrypted: file-sample_100kB - Copy (2) - Copy.docx
Decrypted: file-sample_100kB - Copy (2).doc
Decrypted: file-sample_100kB - Copy (2).docx
Decrypted: file-sample_100kB - Copy (3).doc
Decrypted: file-sample_100kB - Copy (3).docx
Decrypted: file-sample_100kB - Copy - Copy (2).doc
Decrypted: file-sample_100kB - Copy - Copy (2).docx
Decrypted: file-sample_100kB - Copy - Copy - Copy.doc
Decrypted: file-sample_100kB - Copy - Copy - Copy.docx
Decrypted: file-sample_100kB - Copy - Copy.doc
Decrypted: file-sample_100kB - Copy - Copy.docx
Decrypted: file-sample_100kB - Copy.doc
Decrypted: file-sample_100kB - Copy.docx
Decrypted: file-sample_100kB.doc
Decrypted: file-sample_100kB.docx
Decrypted: file-sample_1MB - Copy (2) - Copy.docx
Decrypted: file-sample_1MB - Copy (2).docx
Decrypted: file-sample_1MB - Copy (3).docx
Decrypted: file-sample_1MB - Copy - Copy (2).docx
Decrypted: file-sample_1MB - Copy - Copy - Copy.docx
Decrypted: file-sample_1MB - Copy - Copy.docx
Decrypted: file-sample_1MB - Copy.docx
Decrypted: file-sample_1MB.docx
Decrypted: file_example_favicon - Copy (2) - Copy.ico
Decrypted: file_example_favicon - Copy (2).ico
Decrypted: file_example_favicon - Copy (3).ico
Decrypted: file_example_favicon - Copy - Copy (2).ico
Decrypted: file_example_favicon - Copy - Copy - Copy.ico
Decrypted: file_example_favicon - Copy - Copy.ico
Decrypted: file_example_favicon - Copy.ico
Decrypted: file_example_favicon.ico
Decrypted: file_example_JPG_500kB - Copy (2) - Copy.jpg
Decrypted: file_example_JPG_500kB - Copy (2).jpg
Decrypted: file_example_JPG_500kB - Copy (3).jpg
Decrypted: file_example_JPG_500kB - Copy - Copy (2).jpg
Decrypted: file_example_JPG_500kB - Copy - Copy - Copy.jpg
Decrypted: file_example_JPG_500kB - Copy - Copy.jpg
Decrypted: file_example_JPG_500kB - Copy.jpg
Decrypted: file_example_JPG_500kB.jpg
Decrypted: file_example_MP3_2MG - Copy (2) - Copy.mp3
Decrypted: file_example_MP3_2MG - Copy (2).mp3
Decrypted: file_example_MP3_2MG - Copy (3).mp3
Decrypted: file_example_MP3_2MG - Copy - Copy (2).mp3
Decrypted: file_example_MP3_2MG - Copy - Copy - Copy.mp3
Decrypted: file_example_MP3_2MG - Copy - Copy.mp3
Decrypted: file_example_MP3_2MG - Copy.mp3
Decrypted: file_example_MP3_2MG.mp3
Decrypted: file_example_PNG_500kB - Copy (2) - Copy.png
Decrypted: file_example_PNG_500kB - Copy (2).png
Decrypted: file_example_PNG_500kB - Copy (3).png
Decrypted: file_example_PNG_500kB - Copy - Copy (2).png
Decrypted: file_example_PNG_500kB - Copy - Copy - Copy.png
Decrypted: file_example_PNG_500kB - Copy - Copy.png
Decrypted: file_example_PNG_500kB - Copy.png
Decrypted: file_example_PNG_500kB.png
Decrypted: file_example_PPT_1MB - Copy (2) - Copy.ppt
Decrypted: file_example_PPT_1MB - Copy (2).ppt
Decrypted: file_example_PPT_1MB - Copy (3).ppt
Decrypted: file_example_PPT_1MB - Copy - Copy (2).ppt
Decrypted: file_example_PPT_1MB - Copy - Copy - Copy.ppt
Decrypted: file_example_PPT_1MB - Copy - Copy.ppt
Decrypted: file_example_PPT_1MB - Copy.ppt
Decrypted: file_example_PPT_1MB.ppt
Encryption Started at: 1766849921295
Encrypted: 20MB-TESTFILE.ORG - Copy (2) - Copy - Copy.pdf
Encrypted: 20MB-TESTFILE.ORG - Copy (2) - Copy.pdf
Encrypted: 20MB-TESTFILE.ORG - Copy (2).pdf
Encrypted: 20MB-TESTFILE.ORG - Copy (3) - Copy - Copy.pdf
Encrypted: 20MB-TESTFILE.ORG - Copy (3) - Copy.pdf
Encrypted: 20MB-TESTFILE.ORG - Copy (3).pdf
Encrypted: 20MB-TESTFILE.ORG - Copy (4) - Copy.pdf
Encrypted: 20MB-TESTFILE.ORG - Copy (4).pdf
Encrypted: 20MB-TESTFILE.ORG - Copy (5) - Copy.pdf
Encrypted: 20MB-TESTFILE.ORG - Copy (5).pdf
Encrypted: 20MB-TESTFILE.ORG - Copy (6) - Copy.pdf
Encrypted: 20MB-TESTFILE.ORG - Copy - Copy (2) - Copy.pdf
Encrypted: 20MB-TESTFILE.ORG - Copy - Copy (2).pdf
Encrypted: 20MB-TESTFILE.ORG - Copy - Copy (3) - Copy.pdf
Encrypted: 20MB-TESTFILE.ORG - Copy - Copy (3).pdf
Encrypted: 20MB-TESTFILE.ORG - Copy - Copy (4).pdf
Encrypted: 20MB-TESTFILE.ORG - Copy - Copy - Copy (2).pdf
Encrypted: 20MB-TESTFILE.ORG - Copy - Copy - Copy (3).pdf
Encrypted: 20MB-TESTFILE.ORG - Copy - Copy - Copy - Copy (2).pdf
Encrypted: 20MB-TESTFILE.ORG - Copy - Copy - Copy - Copy.pdf
Encrypted: 20MB-TESTFILE.ORG - Copy - Copy - Copy.pdf
Encrypted: 20MB-TESTFILE.ORG - Copy - Copy.pdf
Encrypted: 20MB-TESTFILE.ORG - Copy.pdf
Encrypted: 20MB-TESTFILE.ORG copy 2 - Copy (2) - Copy - Copy.pdf
Encrypted: 20MB-TESTFILE.ORG copy 2 - Copy (2) - Copy.pdf
Encrypted: 20MB-TESTFILE.ORG copy 2 - Copy (2).pdf
Encrypted: 20MB-TESTFILE.ORG copy 2 - Copy (3) - Copy - Copy.pdf
Encrypted: 20MB-TESTFILE.ORG copy 2 - Copy (3) - Copy.pdf
Encrypted: 20MB-TESTFILE.ORG copy 2 - Copy (3).pdf
Encrypted: 20MB-TESTFILE.ORG copy 2 - Copy (4) - Copy.pdf
Encrypted: 20MB-TESTFILE.ORG copy 2 - Copy (4).pdf
Encrypted: 20MB-TESTFILE.ORG copy 2 - Copy (5) - Copy.pdf
Encrypted: 20MB-TESTFILE.ORG copy 2 - Copy (5).pdf
Encrypted: 20MB-TESTFILE.ORG copy 2 - Copy (6) - Copy.pdf
Encrypted: 20MB-TESTFILE.ORG copy 2 - Copy - Copy (2) - Copy.pdf
Encrypted: 20MB-TESTFILE.ORG copy 2 - Copy - Copy (2).pdf
Encrypted: 20MB-TESTFILE.ORG copy 2 - Copy - Copy (3) - Copy.pdf
Encrypted: 20MB-TESTFILE.ORG copy 2 - Copy - Copy (3).pdf
Encrypted: 20MB-TESTFILE.ORG copy 2 - Copy - Copy (4).pdf
Encrypted: 20MB-TESTFILE.ORG copy 2 - Copy - Copy - Copy (2).pdf
Encrypted: 20MB-TESTFILE.ORG copy 2 - Copy - Copy - Copy (3).pdf
Encrypted: 20MB-TESTFILE.ORG copy 2 - Copy - Copy - Copy - Copy (2).pdf
Encrypted: 20MB-TESTFILE.ORG copy 2 - Copy - Copy - Copy - Copy.pdf
Encrypted: 20MB-TESTFILE.ORG copy 2 - Copy - Copy - Copy.pdf
Encrypted: 20MB-TESTFILE.ORG copy 2 - Copy - Copy.pdf
Encrypted: 20MB-TESTFILE.ORG copy 2 - Copy.pdf
Encrypted: 20MB-TESTFILE.ORG copy 2.pdf
Encrypted: 20MB-TESTFILE.ORG copy 3 - Copy (2) - Copy - Copy.pdf
Encrypted: 20MB-TESTFILE.ORG copy 3 - Copy (2) - Copy.pdf
Encrypted: 20MB-TESTFILE.ORG copy 3 - Copy (2).pdf
Encrypted: 20MB-TESTFILE.ORG copy 3 - Copy (3) - Copy - Copy.pdf
Encrypted: 20MB-TESTFILE.ORG copy 3 - Copy (3) - Copy.pdf
Encrypted: 20MB-TESTFILE.ORG copy 3 - Copy (3).pdf
Encrypted: 20MB-TESTFILE.ORG copy 3 - Copy (4) - Copy.pdf
Encrypted: 20MB-TESTFILE.ORG copy 3 - Copy (4).pdf
Encrypted: 20MB-TESTFILE.ORG copy 3 - Copy (5) - Copy.pdf
Encrypted: 20MB-TESTFILE.ORG copy 3 - Copy (5).pdf
Encrypted: 20MB-TESTFILE.ORG copy 3 - Copy (6) - Copy.pdf
Encrypted: 20MB-TESTFILE.ORG copy 3 - Copy - Copy (2) - Copy.pdf
Encrypted: 20MB-TESTFILE.ORG copy 3 - Copy - Copy (2).pdf
Encrypted: 20MB-TESTFILE.ORG copy 3 - Copy - Copy (3) - Copy.pdf
Encrypted: 20MB-TESTFILE.ORG copy 3 - Copy - Copy (3).pdf
Encrypted: 20MB-TESTFILE.ORG copy 3 - Copy - Copy (4).pdf
Encrypted: 20MB-TESTFILE.ORG copy 3 - Copy - Copy - Copy (2).pdf
Encrypted: 20MB-TESTFILE.ORG copy 3 - Copy - Copy - Copy (3).pdf
Encrypted: 20MB-TESTFILE.ORG copy 3 - Copy - Copy - Copy - Copy (2).pdf
Encrypted: 20MB-TESTFILE.ORG copy 3 - Copy - Copy - Copy - Copy.pdf
Encrypted: 20MB-TESTFILE.ORG copy 3 - Copy - Copy - Copy.pdf
Encrypted: 20MB-TESTFILE.ORG copy 3 - Copy - Copy.pdf
Encrypted: 20MB-TESTFILE.ORG copy 3 - Copy.pdf
Encrypted: 20MB-TESTFILE.ORG copy 3.pdf
Encrypted: 20MB-TESTFILE.ORG copy 4 - Copy (2) - Copy - Copy.pdf
Encrypted: 20MB-TESTFILE.ORG copy 4 - Copy (2) - Copy.pdf
Encrypted: 20MB-TESTFILE.ORG copy 4 - Copy (2).pdf
Encrypted: 20MB-TESTFILE.ORG copy 4 - Copy (3) - Copy - Copy.pdf
Encrypted: 20MB-TESTFILE.ORG copy 4 - Copy (3) - Copy.pdf
Encrypted: 20MB-TESTFILE.ORG copy 4 - Copy (3).pdf
Encrypted: 20MB-TESTFILE.ORG copy 4 - Copy (4) - Copy.pdf
Encrypted: 20MB-TESTFILE.ORG copy 4 - Copy (4).pdf
Encrypted: 20MB-TESTFILE.ORG copy 4 - Copy (5) - Copy.pdf
Encrypted: 20MB-TESTFILE.ORG copy 4 - Copy (5).pdf
Encrypted: 20MB-TESTFILE.ORG copy 4 - Copy (6) - Copy.pdf
Encrypted: 20MB-TESTFILE.ORG copy 4 - Copy - Copy (2) - Copy.pdf
Encrypted: 20MB-TESTFILE.ORG copy 4 - Copy - Copy (2).pdf
Encrypted: 20MB-TESTFILE.ORG copy 4 - Copy - Copy (3) - Copy.pdf
Encrypted: 20MB-TESTFILE.ORG copy 4 - Copy - Copy (3).pdf
Encrypted: 20MB-TESTFILE.ORG copy 4 - Copy - Copy (4).pdf
Encrypted: 20MB-TESTFILE.ORG copy 4 - Copy - Copy - Copy (2).pdf
Encrypted: 20MB-TESTFILE.ORG copy 4 - Copy - Copy - Copy (3).pdf
Encrypted: 20MB-TESTFILE.ORG copy 4 - Copy - Copy - Copy - Copy (2).pdf
Encrypted: 20MB-TESTFILE.ORG copy 4 - Copy - Copy - Copy - Copy.pdf
Encrypted: 20MB-TESTFILE.ORG copy 4 - Copy - Copy - Copy.pdf
Encrypted: 20MB-TESTFILE.ORG copy 4 - Copy - Copy.pdf
Encrypted: 20MB-TESTFILE.ORG copy 4 - Copy.pdf
Encrypted: 20MB-TESTFILE.ORG copy 4.pdf
Encrypted: 20MB-TESTFILE.ORG copy 5 - Copy (2) - Copy - Copy.pdf
Encrypted: 20MB-TESTFILE.ORG copy 5 - Copy (2) - Copy.pdf
Encrypted: 20MB-TESTFILE.ORG copy 5 - Copy (2).pdf
Encrypted: 20MB-TESTFILE.ORG copy 5 - Copy (3) - Copy - Copy.pdf
Encrypted: 20MB-TESTFILE.ORG copy 5 - Copy (3) - Copy.pdf
Encrypted: 20MB-TESTFILE.ORG copy 5 - Copy (3).pdf
Encrypted: 20MB-TESTFILE.ORG copy 5 - Copy (4) - Copy.pdf
Encrypted: 20MB-TESTFILE.ORG copy 5 - Copy (4).pdf
Encrypted: 20MB-TESTFILE.ORG copy 5 - Copy (5) - Copy.pdf
Encrypted: 20MB-TESTFILE.ORG copy 5 - Copy (5).pdf
Encrypted: 20MB-TESTFILE.ORG copy 5 - Copy (6) - Copy.pdf
Encrypted: 20MB-TESTFILE.ORG copy 5 - Copy - Copy (2) - Copy.pdf
Encrypted: 20MB-TESTFILE.ORG copy 5 - Copy - Copy (2).pdf
Encrypted: 20MB-TESTFILE.ORG copy 5 - Copy - Copy (3) - Copy.pdf
Encrypted: 20MB-TESTFILE.ORG copy 5 - Copy - Copy (3).pdf
Encrypted: 20MB-TESTFILE.ORG copy 5 - Copy - Copy (4).pdf
Encrypted: 20MB-TESTFILE.ORG copy 5 - Copy - Copy - Copy (2).pdf
Encrypted: 20MB-TESTFILE.ORG copy 5 - Copy - Copy - Copy (3).pdf
Encrypted: 20MB-TESTFILE.ORG copy 5 - Copy - Copy - Copy - Copy (2).pdf
Encrypted: 20MB-TESTFILE.ORG copy 5 - Copy - Copy - Copy - Copy.pdf
Encrypted: 20MB-TESTFILE.ORG copy 5 - Copy - Copy - Copy.pdf
Encrypted: 20MB-TESTFILE.ORG copy 5 - Copy - Copy.pdf
Encrypted: 20MB-TESTFILE.ORG copy 5 - Copy.pdf
Encrypted: 20MB-TESTFILE.ORG copy 5.pdf
Encrypted: 20MB-TESTFILE.ORG.pdf
Encrypted: file-sample_100kB - Copy (2) - Copy - Copy.doc
Encrypted: file-sample_100kB - Copy (2) - Copy - Copy.docx
Encrypted: file-sample_100kB - Copy (2) - Copy.doc
Encrypted: file-sample_100kB - Copy (2) - Copy.docx
Encrypted: file-sample_100kB - Copy (2).doc
Encrypted: file-sample_100kB - Copy (2).docx
Encrypted: file-sample_100kB - Copy (3) - Copy - Copy.doc
Encrypted: file-sample_100kB - Copy (3) - Copy - Copy.docx
Encrypted: file-sample_100kB - Copy (3) - Copy.doc
Encrypted: file-sample_100kB - Copy (3) - Copy.docx
Encrypted: file-sample_100kB - Copy (3).doc
Encrypted: file-sample_100kB - Copy (3).docx
Encrypted: file-sample_100kB - Copy (4) - Copy.doc
Encrypted: file-sample_100kB - Copy (4) - Copy.docx
Encrypted: file-sample_100kB - Copy (4).doc
Encrypted: file-sample_100kB - Copy (4).docx
Encrypted: file-sample_100kB - Copy (5) - Copy.doc
Encrypted: file-sample_100kB - Copy (5) - Copy.docx
Encrypted: file-sample_100kB - Copy (5).doc
Encrypted: file-sample_100kB - Copy (5).docx
Encrypted: file-sample_100kB - Copy (6) - Copy.doc
Encrypted: file-sample_100kB - Copy (6) - Copy.docx
Encrypted: file-sample_100kB - Copy - Copy (2) - Copy.doc
Encrypted: file-sample_100kB - Copy - Copy (2) - Copy.docx
Encrypted: file-sample_100kB - Copy - Copy (2).doc
Encrypted: file-sample_100kB - Copy - Copy (2).docx
Encrypted: file-sample_100kB - Copy - Copy (3) - Copy.doc
Encrypted: file-sample_100kB - Copy - Copy (3) - Copy.docx
Encrypted: file-sample_100kB - Copy - Copy (3).doc
Encrypted: file-sample_100kB - Copy - Copy (3).docx
Encrypted: file-sample_100kB - Copy - Copy (4).doc
Encrypted: file-sample_100kB - Copy - Copy (4).docx
Encrypted: file-sample_100kB - Copy - Copy - Copy (2).doc
Encrypted: file-sample_100kB - Copy - Copy - Copy (2).docx
Encrypted: file-sample_100kB - Copy - Copy - Copy (3).doc
Encrypted: file-sample_100kB - Copy - Copy - Copy (3).docx
Encrypted: file-sample_100kB - Copy - Copy - Copy - Copy (2).doc
Encrypted: file-sample_100kB - Copy - Copy - Copy - Copy (2).docx
Encrypted: file-sample_100kB - Copy - Copy - Copy - Copy.doc
Encrypted: file-sample_100kB - Copy - Copy - Copy - Copy.docx
Encrypted: file-sample_100kB - Copy - Copy - Copy.doc
Encrypted: file-sample_100kB - Copy - Copy - Copy.docx
Encrypted: file-sample_100kB - Copy - Copy.doc
Encrypted: file-sample_100kB - Copy - Copy.docx
Encrypted: file-sample_100kB - Copy.doc
Encrypted: file-sample_100kB - Copy.docx
Encrypted: file-sample_100kB.doc
Encrypted: file-sample_100kB.docx
Encrypted: file-sample_1MB - Copy (2) - Copy - Copy.docx
Encrypted: file-sample_1MB - Copy (2) - Copy.docx
Encrypted: file-sample_1MB - Copy (2).docx
Encrypted: file-sample_1MB - Copy (3) - Copy - Copy.docx
Encrypted: file-sample_1MB - Copy (3) - Copy.docx
Encrypted: file-sample_1MB - Copy (3).docx
Encrypted: file-sample_1MB - Copy (4) - Copy.docx
Encrypted: file-sample_1MB - Copy (4).docx
Encrypted: file-sample_1MB - Copy (5) - Copy.docx
Encrypted: file-sample_1MB - Copy (5).docx
Encrypted: file-sample_1MB - Copy (6) - Copy.docx
Encrypted: file-sample_1MB - Copy - Copy (2) - Copy.docx
Encrypted: file-sample_1MB - Copy - Copy (2).docx
Encrypted: file-sample_1MB - Copy - Copy (3) - Copy.docx
Encrypted: file-sample_1MB - Copy - Copy (3).docx
Encrypted: file-sample_1MB - Copy - Copy (4).docx
Encrypted: file-sample_1MB - Copy - Copy - Copy (2).docx
Encrypted: file-sample_1MB - Copy - Copy - Copy (3).docx
Encrypted: file-sample_1MB - Copy - Copy - Copy - Copy (2).docx
Encrypted: file-sample_1MB - Copy - Copy - Copy - Copy.docx
Encrypted: file-sample_1MB - Copy - Copy - Copy.docx
Encrypted: file-sample_1MB - Copy - Copy.docx
Encrypted: file-sample_1MB - Copy.docx
Encrypted: file-sample_1MB.docx
Encrypted: file_example_favicon - Copy (2) - Copy - Copy.ico
Encrypted: file_example_favicon - Copy (2) - Copy.ico
Encrypted: file_example_favicon - Copy (2).ico
Encrypted: file_example_favicon - Copy (3) - Copy - Copy.ico
Encrypted: file_example_favicon - Copy (3) - Copy.ico
Encrypted: file_example_favicon - Copy (3).ico
Encrypted: file_example_favicon - Copy (4) - Copy.ico
Encrypted: file_example_favicon - Copy (4).ico
Encrypted: file_example_favicon - Copy (5) - Copy.ico
Encrypted: file_example_favicon - Copy (5).ico
Encrypted: file_example_favicon - Copy (6) - Copy.ico
Encrypted: file_example_favicon - Copy - Copy (2) - Copy.ico
Encrypted: file_example_favicon - Copy - Copy (2).ico
Encrypted: file_example_favicon - Copy - Copy (3) - Copy.ico
Encrypted: file_example_favicon - Copy - Copy (3).ico
Encrypted: file_example_favicon - Copy - Copy (4).ico
Encrypted: file_example_favicon - Copy - Copy - Copy (2).ico
Encrypted: file_example_favicon - Copy - Copy - Copy (3).ico
Encrypted: file_example_favicon - Copy - Copy - Copy - Copy (2).ico
Encrypted: file_example_favicon - Copy - Copy - Copy - Copy.ico
Encrypted: file_example_favicon - Copy - Copy - Copy.ico
Encrypted: file_example_favicon - Copy - Copy.ico
Encrypted: file_example_favicon - Copy.ico
Encrypted: file_example_favicon.ico
Encrypted: file_example_JPG_500kB - Copy (2) - Copy - Copy.jpg
Encrypted: file_example_JPG_500kB - Copy (2) - Copy.jpg
Encrypted: file_example_JPG_500kB - Copy (2).jpg
Encrypted: file_example_JPG_500kB - Copy (3) - Copy - Copy.jpg
Encrypted: file_example_JPG_500kB - Copy (3) - Copy.jpg
Encrypted: file_example_JPG_500kB - Copy (3).jpg
Encrypted: file_example_JPG_500kB - Copy (4) - Copy.jpg
Encrypted: file_example_JPG_500kB - Copy (4).jpg
Encrypted: file_example_JPG_500kB - Copy (5) - Copy.jpg
Encrypted: file_example_JPG_500kB - Copy (5).jpg
Encrypted: file_example_JPG_500kB - Copy (6) - Copy.jpg
Encrypted: file_example_JPG_500kB - Copy - Copy (2) - Copy.jpg
Encrypted: file_example_JPG_500kB - Copy - Copy (2).jpg
Encrypted: file_example_JPG_500kB - Copy - Copy (3) - Copy.jpg
Encrypted: file_example_JPG_500kB - Copy - Copy (3).jpg
Encrypted: file_example_JPG_500kB - Copy - Copy (4).jpg
Encrypted: file_example_JPG_500kB - Copy - Copy - Copy (2).jpg
Encrypted: file_example_JPG_500kB - Copy - Copy - Copy (3).jpg
Encrypted: file_example_JPG_500kB - Copy - Copy - Copy - Copy (2).jpg
Encrypted: file_example_JPG_500kB - Copy - Copy - Copy - Copy.jpg
Encrypted: file_example_JPG_500kB - Copy - Copy - Copy.jpg
Encrypted: file_example_JPG_500kB - Copy - Copy.jpg
Encrypted: file_example_JPG_500kB - Copy.jpg
Encrypted: file_example_JPG_500kB.jpg
Encrypted: file_example_MP3_2MG - Copy (2) - Copy - Copy.mp3
Encrypted: file_example_MP3_2MG - Copy (2) - Copy.mp3
Encrypted: file_example_MP3_2MG - Copy (2).mp3
Encrypted: file_example_MP3_2MG - Copy (3) - Copy - Copy.mp3
Encrypted: file_example_MP3_2MG - Copy (3) - Copy.mp3
Encrypted: file_example_MP3_2MG - Copy (3).mp3
Encrypted: file_example_MP3_2MG - Copy (4) - Copy.mp3
Encrypted: file_example_MP3_2MG - Copy (4).mp3
Encrypted: file_example_MP3_2MG - Copy (5) - Copy.mp3
Encrypted: file_example_MP3_2MG - Copy (5).mp3
Encrypted: file_example_MP3_2MG - Copy (6) - Copy.mp3
Encrypted: file_example_MP3_2MG - Copy - Copy (2) - Copy.mp3
Encrypted: file_example_MP3_2MG - Copy - Copy (2).mp3
Encrypted: file_example_MP3_2MG - Copy - Copy (3) - Copy.mp3
Encrypted: file_example_MP3_2MG - Copy - Copy (3).mp3
Encrypted: file_example_MP3_2MG - Copy - Copy (4).mp3
Encrypted: file_example_MP3_2MG - Copy - Copy - Copy (2).mp3
Encrypted: file_example_MP3_2MG - Copy - Copy - Copy (3).mp3
Encrypted: file_example_MP3_2MG - Copy - Copy - Copy - Copy (2).mp3
Encrypted: file_example_MP3_2MG - Copy - Copy - Copy - Copy.mp3
Encrypted: file_example_MP3_2MG - Copy - Copy - Copy.mp3
Encrypted: file_example_MP3_2MG - Copy - Copy.mp3
Encrypted: file_example_MP3_2MG - Copy.mp3
Encrypted: file_example_MP3_2MG.mp3
Encrypted: file_example_PNG_500kB - Copy (2) - Copy - Copy.png
Encrypted: file_example_PNG_500kB - Copy (2) - Copy.png
Encrypted: file_example_PNG_500kB - Copy (2).png
Encrypted: file_example_PNG_500kB - Copy (3) - Copy - Copy.png
Encrypted: file_example_PNG_500kB - Copy (3) - Copy.png
Encrypted: file_example_PNG_500kB - Copy (3).png
Encrypted: file_example_PNG_500kB - Copy (4) - Copy.png
Encrypted: file_example_PNG_500kB - Copy (4).png
Encrypted: file_example_PNG_500kB - Copy (5) - Copy.png
Encrypted: file_example_PNG_500kB - Copy (5).png
Encrypted: file_example_PNG_500kB - Copy (6) - Copy.png
Encrypted: file_example_PNG_500kB - Copy - Copy (2) - Copy.png
Encrypted: file_example_PNG_500kB - Copy - Copy (2).png
Encrypted: file_example_PNG_500kB - Copy - Copy (3) - Copy.png
Encrypted: file_example_PNG_500kB - Copy - Copy (3).png
Encrypted: file_example_PNG_500kB - Copy - Copy (4).png
Encrypted: file_example_PNG_500kB - Copy - Copy - Copy (2).png
Encrypted: file_example_PNG_500kB - Copy - Copy - Copy (3).png
Encrypted: file_example_PNG_500kB - Copy - Copy - Copy - Copy (2).png
Encrypted: file_example_PNG_500kB - Copy - Copy - Copy - Copy.png
Encrypted: file_example_PNG_500kB - Copy - Copy - Copy.png
Encrypted: file_example_PNG_500kB - Copy - Copy.png
Encrypted: file_example_PNG_500kB - Copy.png
Encrypted: file_example_PNG_500kB.png
Encrypted: file_example_PPT_1MB - Copy (2) - Copy - Copy.ppt
Encrypted: file_example_PPT_1MB - Copy (2) - Copy.ppt
Encrypted: file_example_PPT_1MB - Copy (2).ppt
Encrypted: file_example_PPT_1MB - Copy (3) - Copy - Copy.ppt
Encrypted: file_example_PPT_1MB - Copy (3) - Copy.ppt
Encrypted: file_example_PPT_1MB - Copy (3).ppt
Encrypted: file_example_PPT_1MB - Copy (4) - Copy.ppt
Encrypted: file_example_PPT_1MB - Copy (4).ppt
Encrypted: file_example_PPT_1MB - Copy (5) - Copy.ppt
Encrypted: file_example_PPT_1MB - Copy (5).ppt
Encrypted: file_example_PPT_1MB - Copy (6) - Copy.ppt
Encrypted: file_example_PPT_1MB - Copy - Copy (2) - Copy.ppt
Encrypted: file_example_PPT_1MB - Copy - Copy (2).ppt
Encrypted: file_example_PPT_1MB - Copy - Copy (3) - Copy.ppt
Encrypted: file_example_PPT_1MB - Copy - Copy (3).ppt
Encrypted: file_example_PPT_1MB - Copy - Copy (4).ppt
Encrypted: file_example_PPT_1MB - Copy - Copy - Copy (2).ppt
Encrypted: file_example_PPT_1MB - Copy - Copy - Copy (3).ppt
Encrypted: file_example_PPT_1MB - Copy - Copy - Copy - Copy (2).ppt
Encrypted: file_example_PPT_1MB - Copy - Copy - Copy - Copy.ppt
Encrypted: file_example_PPT_1MB - Copy - Copy - Copy.ppt
Encrypted: file_example_PPT_1MB - Copy - Copy.ppt
Encrypted: file_example_PPT_1MB - Copy.ppt
Encrypted: file_example_PPT_1MB.ppt
Decryption Started at: 1766849988617
Decrypted: 20MB-TESTFILE.ORG - Copy (2) - Copy - Copy.pdf
Decrypted: 20MB-TESTFILE.ORG - Copy (2) - Copy.pdf
Decrypted: 20MB-TESTFILE.ORG - Copy (2).pdf
Decrypted: 20MB-TESTFILE.ORG - Copy (3) - Copy - Copy.pdf
Decrypted: 20MB-TESTFILE.ORG - Copy (3) - Copy.pdf
Decrypted: 20MB-TESTFILE.ORG - Copy (3).pdf
Decrypted: 20MB-TESTFILE.ORG - Copy (4) - Copy.pdf
Decrypted: 20MB-TESTFILE.ORG - Copy (4).pdf
Decrypted: 20MB-TESTFILE.ORG - Copy (5) - Copy.pdf
Decrypted: 20MB-TESTFILE.ORG - Copy (5).pdf
Decrypted: 20MB-TESTFILE.ORG - Copy (6) - Copy.pdf
Decrypted: 20MB-TESTFILE.ORG - Copy - Copy (2) - Copy.pdf
Decrypted: 20MB-TESTFILE.ORG - Copy - Copy (2).pdf
Decrypted: 20MB-TESTFILE.ORG - Copy - Copy (3) - Copy.pdf
Decrypted: 20MB-TESTFILE.ORG - Copy - Copy (3).pdf
Decrypted: 20MB-TESTFILE.ORG - Copy - Copy (4).pdf
Decrypted: 20MB-TESTFILE.ORG - Copy - Copy - Copy (2).pdf
Decrypted: 20MB-TESTFILE.ORG - Copy - Copy - Copy (3).pdf
Decrypted: 20MB-TESTFILE.ORG - Copy - Copy - Copy - Copy (2).pdf
Decrypted: 20MB-TESTFILE.ORG - Copy - Copy - Copy - Copy.pdf
Decrypted: 20MB-TESTFILE.ORG - Copy - Copy - Copy.pdf
Decrypted: 20MB-TESTFILE.ORG - Copy - Copy.pdf
Decrypted: 20MB-TESTFILE.ORG - Copy.pdf
Decrypted: 20MB-TESTFILE.ORG copy 2 - Copy (2) - Copy - Copy.pdf
Decrypted: 20MB-TESTFILE.ORG copy 2 - Copy (2) - Copy.pdf
Decrypted: 20MB-TESTFILE.ORG copy 2 - Copy (2).pdf
Decrypted: 20MB-TESTFILE.ORG copy 2 - Copy (3) - Copy - Copy.pdf
Decrypted: 20MB-TESTFILE.ORG copy 2 - Copy (3) - Copy.pdf
Decrypted: 20MB-TESTFILE.ORG copy 2 - Copy (3).pdf
Decrypted: 20MB-TESTFILE.ORG copy 2 - Copy (4) - Copy.pdf
Decrypted: 20MB-TESTFILE.ORG copy 2 - Copy (4).pdf
Decrypted: 20MB-TESTFILE.ORG copy 2 - Copy (5) - Copy.pdf
Decrypted: 20MB-TESTFILE.ORG copy 2 - Copy (5).pdf
Decrypted: 20MB-TESTFILE.ORG copy 2 - Copy (6) - Copy.pdf
Decrypted: 20MB-TESTFILE.ORG copy 2 - Copy - Copy (2) - Copy.pdf
Decrypted: 20MB-TESTFILE.ORG copy 2 - Copy - Copy (2).pdf
Decrypted: 20MB-TESTFILE.ORG copy 2 - Copy - Copy (3) - Copy.pdf
Decrypted: 20MB-TESTFILE.ORG copy 2 - Copy - Copy (3).pdf
Decrypted: 20MB-TESTFILE.ORG copy 2 - Copy - Copy (4).pdf
Decrypted: 20MB-TESTFILE.ORG copy 2 - Copy - Copy - Copy (2).pdf
Decrypted: 20MB-TESTFILE.ORG copy 2 - Copy - Copy - Copy (3).pdf
Decrypted: 20MB-TESTFILE.ORG copy 2 - Copy - Copy - Copy - Copy (2).pdf
Decrypted: 20MB-TESTFILE.ORG copy 2 - Copy - Copy - Copy - Copy.pdf
Decrypted: 20MB-TESTFILE.ORG copy 2 - Copy - Copy - Copy.pdf
Decrypted: 20MB-TESTFILE.ORG copy 2 - Copy - Copy.pdf
Decrypted: 20MB-TESTFILE.ORG copy 2 - Copy.pdf
Decrypted: 20MB-TESTFILE.ORG copy 2.pdf
Decrypted: 20MB-TESTFILE.ORG copy 3 - Copy (2) - Copy - Copy.pdf
Decrypted: 20MB-TESTFILE.ORG copy 3 - Copy (2) - Copy.pdf
Decrypted: 20MB-TESTFILE.ORG copy 3 - Copy (2).pdf
Decrypted: 20MB-TESTFILE.ORG copy 3 - Copy (3) - Copy - Copy.pdf
Decrypted: 20MB-TESTFILE.ORG copy 3 - Copy (3) - Copy.pdf
Decrypted: 20MB-TESTFILE.ORG copy 3 - Copy (3).pdf
Decrypted: 20MB-TESTFILE.ORG copy 3 - Copy (4) - Copy.pdf
Decrypted: 20MB-TESTFILE.ORG copy 3 - Copy (4).pdf
Decrypted: 20MB-TESTFILE.ORG copy 3 - Copy (5) - Copy.pdf
Decrypted: 20MB-TESTFILE.ORG copy 3 - Copy (5).pdf
Decrypted: 20MB-TESTFILE.ORG copy 3 - Copy (6) - Copy.pdf
Decrypted: 20MB-TESTFILE.ORG copy 3 - Copy - Copy (2) - Copy.pdf
Decrypted: 20MB-TESTFILE.ORG copy 3 - Copy - Copy (2).pdf
Decrypted: 20MB-TESTFILE.ORG copy 3 - Copy - Copy (3) - Copy.pdf
Decrypted: 20MB-TESTFILE.ORG copy 3 - Copy - Copy (3).pdf
Decrypted: 20MB-TESTFILE.ORG copy 3 - Copy - Copy (4).pdf
Decrypted: 20MB-TESTFILE.ORG copy 3 - Copy - Copy - Copy (2).pdf
Decrypted: 20MB-TESTFILE.ORG copy 3 - Copy - Copy - Copy (3).pdf
Decrypted: 20MB-TESTFILE.ORG copy 3 - Copy - Copy - Copy - Copy (2).pdf
Decrypted: 20MB-TESTFILE.ORG copy 3 - Copy - Copy - Copy - Copy.pdf
Decrypted: 20MB-TESTFILE.ORG copy 3 - Copy - Copy - Copy.pdf
Decrypted: 20MB-TESTFILE.ORG copy 3 - Copy - Copy.pdf
Decrypted: 20MB-TESTFILE.ORG copy 3 - Copy.pdf
Decrypted: 20MB-TESTFILE.ORG copy 3.pdf
Decrypted: 20MB-TESTFILE.ORG copy 4 - Copy (2) - Copy - Copy.pdf
Decrypted: 20MB-TESTFILE.ORG copy 4 - Copy (2) - Copy.pdf
Decrypted: 20MB-TESTFILE.ORG copy 4 - Copy (2).pdf
Decrypted: 20MB-TESTFILE.ORG copy 4 - Copy (3) - Copy - Copy.pdf
Decrypted: 20MB-TESTFILE.ORG copy 4 - Copy (3) - Copy.pdf
Decrypted: 20MB-TESTFILE.ORG copy 4 - Copy (3).pdf
Decrypted: 20MB-TESTFILE.ORG copy 4 - Copy (4) - Copy.pdf
Decrypted: 20MB-TESTFILE.ORG copy 4 - Copy (4).pdf
Decrypted: 20MB-TESTFILE.ORG copy 4 - Copy (5) - Copy.pdf
Decrypted: 20MB-TESTFILE.ORG copy 4 - Copy (5).pdf
Decrypted: 20MB-TESTFILE.ORG copy 4 - Copy (6) - Copy.pdf
Decrypted: 20MB-TESTFILE.ORG copy 4 - Copy - Copy (2) - Copy.pdf
Decrypted: 20MB-TESTFILE.ORG copy 4 - Copy - Copy (2).pdf
Decrypted: 20MB-TESTFILE.ORG copy 4 - Copy - Copy (3) - Copy.pdf
Decrypted: 20MB-TESTFILE.ORG copy 4 - Copy - Copy (3).pdf
Decrypted: 20MB-TESTFILE.ORG copy 4 - Copy - Copy (4).pdf
Decrypted: 20MB-TESTFILE.ORG copy 4 - Copy - Copy - Copy (2).pdf
Decrypted: 20MB-TESTFILE.ORG copy 4 - Copy - Copy - Copy (3).pdf
Decrypted: 20MB-TESTFILE.ORG copy 4 - Copy - Copy - Copy - Copy (2).pdf
Decrypted: 20MB-TESTFILE.ORG copy 4 - Copy - Copy - Copy - Copy.pdf
Decrypted: 20MB-TESTFILE.ORG copy 4 - Copy - Copy - Copy.pdf
Decrypted: 20MB-TESTFILE.ORG copy 4 - Copy - Copy.pdf
Decrypted: 20MB-TESTFILE.ORG copy 4 - Copy.pdf
Decrypted: 20MB-TESTFILE.ORG copy 4.pdf
Decrypted: 20MB-TESTFILE.ORG copy 5 - Copy (2) - Copy - Copy.pdf
Decrypted: 20MB-TESTFILE.ORG copy 5 - Copy (2) - Copy.pdf
Decrypted: 20MB-TESTFILE.ORG copy 5 - Copy (2).pdf
Decrypted: 20MB-TESTFILE.ORG copy 5 - Copy (3) - Copy - Copy.pdf
Decrypted: 20MB-TESTFILE.ORG copy 5 - Copy (3) - Copy.pdf
Decrypted: 20MB-TESTFILE.ORG copy 5 - Copy (3).pdf
Decrypted: 20MB-TESTFILE.ORG copy 5 - Copy (4) - Copy.pdf
Decrypted: 20MB-TESTFILE.ORG copy 5 - Copy (4).pdf
Decrypted: 20MB-TESTFILE.ORG copy 5 - Copy (5) - Copy.pdf
Decrypted: 20MB-TESTFILE.ORG copy 5 - Copy (5).pdf
Decrypted: 20MB-TESTFILE.ORG copy 5 - Copy (6) - Copy.pdf
Decrypted: 20MB-TESTFILE.ORG copy 5 - Copy - Copy (2) - Copy.pdf
Decrypted: 20MB-TESTFILE.ORG copy 5 - Copy - Copy (2).pdf
Decrypted: 20MB-TESTFILE.ORG copy 5 - Copy - Copy (3) - Copy.pdf
Decrypted: 20MB-TESTFILE.ORG copy 5 - Copy - Copy (3).pdf
Decrypted: 20MB-TESTFILE.ORG copy 5 - Copy - Copy (4).pdf
Decrypted: 20MB-TESTFILE.ORG copy 5 - Copy - Copy - Copy (2).pdf
Decrypted: 20MB-TESTFILE.ORG copy 5 - Copy - Copy - Copy (3).pdf
Decrypted: 20MB-TESTFILE.ORG copy 5 - Copy - Copy - Copy - Copy (2).pdf
Decrypted: 20MB-TESTFILE.ORG copy 5 - Copy - Copy - Copy - Copy.pdf
Decrypted: 20MB-TESTFILE.ORG copy 5 - Copy - Copy - Copy.pdf
Decrypted: 20MB-TESTFILE.ORG copy 5 - Copy - Copy.pdf
Decrypted: 20MB-TESTFILE.ORG copy 5 - Copy.pdf
Decrypted: 20MB-TESTFILE.ORG copy 5.pdf
Decrypted: 20MB-TESTFILE.ORG.pdf
Decrypted: file-sample_100kB - Copy (2) - Copy - Copy.doc
Decrypted: file-sample_100kB - Copy (2) - Copy - Copy.docx
Decrypted: file-sample_100kB - Copy (2) - Copy.doc
Decrypted: file-sample_100kB - Copy (2) - Copy.docx
Decrypted: file-sample_100kB - Copy (2).doc
Decrypted: file-sample_100kB - Copy (2).docx
Decrypted: file-sample_100kB - Copy (3) - Copy - Copy.doc
Decrypted: file-sample_100kB - Copy (3) - Copy - Copy.docx
Decrypted: file-sample_100kB - Copy (3) - Copy.doc
Decrypted: file-sample_100kB - Copy (3) - Copy.docx
Decrypted: file-sample_100kB - Copy (3).doc
Decrypted: file-sample_100kB - Copy (3).docx
Decrypted: file-sample_100kB - Copy (4) - Copy.doc
Decrypted: file-sample_100kB - Copy (4) - Copy.docx
Decrypted: file-sample_100kB - Copy (4).doc
Decrypted: file-sample_100kB - Copy (4).docx
Decrypted: file-sample_100kB - Copy (5) - Copy.doc
Decrypted: file-sample_100kB - Copy (5) - Copy.docx
Decrypted: file-sample_100kB - Copy (5).doc
Decrypted: file-sample_100kB - Copy (5).docx
Decrypted: file-sample_100kB - Copy (6) - Copy.doc
Decrypted: file-sample_100kB - Copy (6) - Copy.docx
Decrypted: file-sample_100kB - Copy - Copy (2) - Copy.doc
Decrypted: file-sample_100kB - Copy - Copy (2) - Copy.docx
Decrypted: file-sample_100kB - Copy - Copy (2).doc
Decrypted: file-sample_100kB - Copy - Copy (2).docx
Decrypted: file-sample_100kB - Copy - Copy (3) - Copy.doc
Decrypted: file-sample_100kB - Copy - Copy (3) - Copy.docx
Decrypted: file-sample_100kB - Copy - Copy (3).doc
Decrypted: file-sample_100kB - Copy - Copy (3).docx
Decrypted: file-sample_100kB - Copy - Copy (4).doc
Decrypted: file-sample_100kB - Copy - Copy (4).docx
Decrypted: file-sample_100kB - Copy - Copy - Copy (2).doc
Decrypted: file-sample_100kB - Copy - Copy - Copy (2).docx
Decrypted: file-sample_100kB - Copy - Copy - Copy (3).doc
Decrypted: file-sample_100kB - Copy - Copy - Copy (3).docx
Decrypted: file-sample_100kB - Copy - Copy - Copy - Copy (2).doc
Decrypted: file-sample_100kB - Copy - Copy - Copy - Copy (2).docx
Decrypted: file-sample_100kB - Copy - Copy - Copy - Copy.doc
Decrypted: file-sample_100kB - Copy - Copy - Copy - Copy.docx
Decrypted: file-sample_100kB - Copy - Copy - Copy.doc
Decrypted: file-sample_100kB - Copy - Copy - Copy.docx
Decrypted: file-sample_100kB - Copy - Copy.doc
Decrypted: file-sample_100kB - Copy - Copy.docx
Decrypted: file-sample_100kB - Copy.doc
Decrypted: file-sample_100kB - Copy.docx
Decrypted: file-sample_100kB.doc
Decrypted: file-sample_100kB.docx
Decrypted: file-sample_1MB - Copy (2) - Copy - Copy.docx
Decrypted: file-sample_1MB - Copy (2) - Copy.docx
Decrypted: file-sample_1MB - Copy (2).docx
Decrypted: file-sample_1MB - Copy (3) - Copy - Copy.docx
Decrypted: file-sample_1MB - Copy (3) - Copy.docx
Decrypted: file-sample_1MB - Copy (3).docx
Decrypted: file-sample_1MB - Copy (4) - Copy.docx
Decrypted: file-sample_1MB - Copy (4).docx
Decrypted: file-sample_1MB - Copy (5) - Copy.docx
Decrypted: file-sample_1MB - Copy (5).docx
Decrypted: file-sample_1MB - Copy (6) - Copy.docx
Decrypted: file-sample_1MB - Copy - Copy (2) - Copy.docx
Decrypted: file-sample_1MB - Copy - Copy (2).docx
Decrypted: file-sample_1MB - Copy - Copy (3) - Copy.docx
Decrypted: file-sample_1MB - Copy - Copy (3).docx
Decrypted: file-sample_1MB - Copy - Copy (4).docx
Decrypted: file-sample_1MB - Copy - Copy - Copy (2).docx
Decrypted: file-sample_1MB - Copy - Copy - Copy (3).docx
Decrypted: file-sample_1MB - Copy - Copy - Copy - Copy (2).docx
Decrypted: file-sample_1MB - Copy - Copy - Copy - Copy.docx
Decrypted: file-sample_1MB - Copy - Copy - Copy.docx
Decrypted: file-sample_1MB - Copy - Copy.docx
Decrypted: file-sample_1MB - Copy.docx
Decrypted: file-sample_1MB.docx
Decrypted: file_example_favicon - Copy (2) - Copy - Copy.ico
Decrypted: file_example_favicon - Copy (2) - Copy.ico
Decrypted: file_example_favicon - Copy (2).ico
Decrypted: file_example_favicon - Copy (3) - Copy - Copy.ico
Decrypted: file_example_favicon - Copy (3) - Copy.ico
Decrypted: file_example_favicon - Copy (3).ico
Decrypted: file_example_favicon - Copy (4) - Copy.ico
Decrypted: file_example_favicon - Copy (4).ico
Decrypted: file_example_favicon - Copy (5) - Copy.ico
Decrypted: file_example_favicon - Copy (5).ico
Decrypted: file_example_favicon - Copy (6) - Copy.ico
Decrypted: file_example_favicon - Copy - Copy (2) - Copy.ico
Decrypted: file_example_favicon - Copy - Copy (2).ico
Decrypted: file_example_favicon - Copy - Copy (3) - Copy.ico
Decrypted: file_example_favicon - Copy - Copy (3).ico
Decrypted: file_example_favicon - Copy - Copy (4).ico
Decrypted: file_example_favicon - Copy - Copy - Copy (2).ico
Decrypted: file_example_favicon - Copy - Copy - Copy (3).ico
Decrypted: file_example_favicon - Copy - Copy - Copy - Copy (2).ico
Decrypted: file_example_favicon - Copy - Copy - Copy - Copy.ico
Decrypted: file_example_favicon - Copy - Copy - Copy.ico
Decrypted: file_example_favicon - Copy - Copy.ico
Decrypted: file_example_favicon - Copy.ico
Decrypted: file_example_favicon.ico
Decrypted: file_example_JPG_500kB - Copy (2) - Copy - Copy.jpg
Decrypted: file_example_JPG_500kB - Copy (2) - Copy.jpg
Decrypted: file_example_JPG_500kB - Copy (2).jpg
Decrypted: file_example_JPG_500kB - Copy (3) - Copy - Copy.jpg
Decrypted: file_example_JPG_500kB - Copy (3) - Copy.jpg
Decrypted: file_example_JPG_500kB - Copy (3).jpg
Decrypted: file_example_JPG_500kB - Copy (4) - Copy.jpg
Decrypted: file_example_JPG_500kB - Copy (4).jpg
Decrypted: file_example_JPG_500kB - Copy (5) - Copy.jpg
Decrypted: file_example_JPG_500kB - Copy (5).jpg
Decrypted: file_example_JPG_500kB - Copy (6) - Copy.jpg
Decrypted: file_example_JPG_500kB - Copy - Copy (2) - Copy.jpg
Decrypted: file_example_JPG_500kB - Copy - Copy (2).jpg
Decrypted: file_example_JPG_500kB - Copy - Copy (3) - Copy.jpg
Decrypted: file_example_JPG_500kB - Copy - Copy (3).jpg
Decrypted: file_example_JPG_500kB - Copy - Copy (4).jpg
Decrypted: file_example_JPG_500kB - Copy - Copy - Copy (2).jpg
Decrypted: file_example_JPG_500kB - Copy - Copy - Copy (3).jpg
Decrypted: file_example_JPG_500kB - Copy - Copy - Copy - Copy (2).jpg
Decrypted: file_example_JPG_500kB - Copy - Copy - Copy - Copy.jpg
Decrypted: file_example_JPG_500kB - Copy - Copy - Copy.jpg
Decrypted: file_example_JPG_500kB - Copy - Copy.jpg
Decrypted: file_example_JPG_500kB - Copy.jpg
Decrypted: file_example_JPG_500kB.jpg
Decrypted: file_example_MP3_2MG - Copy (2) - Copy - Copy.mp3
Decrypted: file_example_MP3_2MG - Copy (2) - Copy.mp3
Decrypted: file_example_MP3_2MG - Copy (2).mp3
Decrypted: file_example_MP3_2MG - Copy (3) - Copy - Copy.mp3
Decrypted: file_example_MP3_2MG - Copy (3) - Copy.mp3
Decrypted: file_example_MP3_2MG - Copy (3).mp3
Decrypted: file_example_MP3_2MG - Copy (4) - Copy.mp3
Decrypted: file_example_MP3_2MG - Copy (4).mp3
Decrypted: file_example_MP3_2MG - Copy (5) - Copy.mp3
Decrypted: file_example_MP3_2MG - Copy (5).mp3
Decrypted: file_example_MP3_2MG - Copy (6) - Copy.mp3
Decrypted: file_example_MP3_2MG - Copy - Copy (2) - Copy.mp3
Decrypted: file_example_MP3_2MG - Copy - Copy (2).mp3
Decrypted: file_example_MP3_2MG - Copy - Copy (3) - Copy.mp3
Decrypted: file_example_MP3_2MG - Copy - Copy (3).mp3
Decrypted: file_example_MP3_2MG - Copy - Copy (4).mp3
Decrypted: file_example_MP3_2MG - Copy - Copy - Copy (2).mp3
Decrypted: file_example_MP3_2MG - Copy - Copy - Copy (3).mp3
Decrypted: file_example_MP3_2MG - Copy - Copy - Copy - Copy (2).mp3
Decrypted: file_example_MP3_2MG - Copy - Copy - Copy - Copy.mp3
Decrypted: file_example_MP3_2MG - Copy - Copy - Copy.mp3
Decrypted: file_example_MP3_2MG - Copy - Copy.mp3
Decrypted: file_example_MP3_2MG - Copy.mp3
Decrypted: file_example_MP3_2MG.mp3
Decrypted: file_example_PNG_500kB - Copy (2) - Copy - Copy.png
Decrypted: file_example_PNG_500kB - Copy (2) - Copy.png
Decrypted: file_example_PNG_500kB - Copy (2).png
Decrypted: file_example_PNG_500kB - Copy (3) - Copy - Copy.png
Decrypted: file_example_PNG_500kB - Copy (3) - Copy.png
Decrypted: file_example_PNG_500kB - Copy (3).png
Decrypted: file_example_PNG_500kB - Copy (4) - Copy.png
Decrypted: file_example_PNG_500kB - Copy (4).png
Decrypted: file_example_PNG_500kB - Copy (5) - Copy.png
Decrypted: file_example_PNG_500kB - Copy (5).png
Decrypted: file_example_PNG_500kB - Copy (6) - Copy.png
Decrypted: file_example_PNG_500kB - Copy - Copy (2) - Copy.png
Decrypted: file_example_PNG_500kB - Copy - Copy (2).png
Decrypted: file_example_PNG_500kB - Copy - Copy (3) - Copy.png
Decrypted: file_example_PNG_500kB - Copy - Copy (3).png
Decrypted: file_example_PNG_500kB - Copy - Copy (4).png
Decrypted: file_example_PNG_500kB - Copy - Copy - Copy (2).png
Decrypted: file_example_PNG_500kB - Copy - Copy - Copy (3).png
Decrypted: file_example_PNG_500kB - Copy - Copy - Copy - Copy (2).png
Decrypted: file_example_PNG_500kB - Copy - Copy - Copy - Copy.png
Decrypted: file_example_PNG_500kB - Copy - Copy - Copy.png
Decrypted: file_example_PNG_500kB - Copy - Copy.png
Decrypted: file_example_PNG_500kB - Copy.png
Decrypted: file_example_PNG_500kB.png
Decrypted: file_example_PPT_1MB - Copy (2) - Copy - Copy.ppt
Decrypted: file_example_PPT_1MB - Copy (2) - Copy.ppt
Decrypted: file_example_PPT_1MB - Copy (2).ppt
Decrypted: file_example_PPT_1MB - Copy (3) - Copy - Copy.ppt
Decrypted: file_example_PPT_1MB - Copy (3) - Copy.ppt
Decrypted: file_example_PPT_1MB - Copy (3).ppt
Decrypted: file_example_PPT_1MB - Copy (4) - Copy.ppt
Decrypted: file_example_PPT_1MB - Copy (4).ppt
Decrypted: file_example_PPT_1MB - Copy (5) - Copy.ppt
Decrypted: file_example_PPT_1MB - Copy (5).ppt
Decrypted: file_example_PPT_1MB - Copy (6) - Copy.ppt
Decrypted: file_example_PPT_1MB - Copy - Copy (2) - Copy.ppt
Decrypted: file_example_PPT_1MB - Copy - Copy (2).ppt
Decrypted: file_example_PPT_1MB - Copy - Copy (3) - Copy.ppt
Decrypted: file_example_PPT_1MB - Copy - Copy (3).ppt
Decrypted: file_example_PPT_1MB - Copy - Copy (4).ppt
Decrypted: file_example_PPT_1MB - Copy - Copy - Copy (2).ppt
Decrypted: file_example_PPT_1MB - Copy - Copy - Copy (3).ppt
Decrypted: file_example_PPT_1MB - Copy - Copy - Copy - Copy (2).ppt
Decrypted: file_example_PPT_1MB - Copy - Copy - Copy - Copy.ppt
Decrypted: file_example_PPT_1MB - Copy - Copy - Copy.ppt
Decrypted: file_example_PPT_1MB - Copy - Copy.ppt
Decrypted: file_example_PPT_1MB - Copy.ppt
Decrypted: file_example_PPT_1MB.ppt
Encryption Started at: 1766850089368
Encrypted: 20MB-TESTFILE.ORG - Copy (2) - Copy - Copy.pdf
Encrypted: 20MB-TESTFILE.ORG - Copy (2) - Copy.pdf
Encrypted: 20MB-TESTFILE.ORG - Copy (2).pdf
Encrypted: 20MB-TESTFILE.ORG - Copy (3) - Copy.pdf
Encrypted: 20MB-TESTFILE.ORG - Copy (3).pdf
Encrypted: 20MB-TESTFILE.ORG - Copy (4) - Copy.pdf
Encrypted: 20MB-TESTFILE.ORG - Copy (4).pdf
Encrypted: 20MB-TESTFILE.ORG - Copy - Copy (2) - Copy.pdf
Encrypted: 20MB-TESTFILE.ORG - Copy - Copy (2).pdf
Encrypted: 20MB-TESTFILE.ORG - Copy - Copy (3).pdf
Encrypted: 20MB-TESTFILE.ORG - Copy - Copy - Copy (2).pdf
Encrypted: 20MB-TESTFILE.ORG - Copy - Copy - Copy - Copy.pdf
Encrypted: 20MB-TESTFILE.ORG - Copy - Copy - Copy.pdf
Encrypted: 20MB-TESTFILE.ORG - Copy - Copy.pdf
Encrypted: 20MB-TESTFILE.ORG - Copy.pdf
Encrypted: 20MB-TESTFILE.ORG copy 2 - Copy (2) - Copy - Copy.pdf
Encrypted: 20MB-TESTFILE.ORG copy 2 - Copy (2) - Copy.pdf
Encrypted: 20MB-TESTFILE.ORG copy 2 - Copy (2).pdf
Encrypted: 20MB-TESTFILE.ORG copy 2 - Copy (3) - Copy.pdf
Encrypted: 20MB-TESTFILE.ORG copy 2 - Copy (3).pdf
Encrypted: 20MB-TESTFILE.ORG copy 2 - Copy (4) - Copy.pdf
Encrypted: 20MB-TESTFILE.ORG copy 2 - Copy (4).pdf
Encrypted: 20MB-TESTFILE.ORG copy 2 - Copy - Copy (2) - Copy.pdf
Encrypted: 20MB-TESTFILE.ORG copy 2 - Copy - Copy (2).pdf
Encrypted: 20MB-TESTFILE.ORG copy 2 - Copy - Copy (3).pdf
Encrypted: 20MB-TESTFILE.ORG copy 2 - Copy - Copy - Copy (2).pdf
Encrypted: 20MB-TESTFILE.ORG copy 2 - Copy - Copy - Copy - Copy.pdf
Encrypted: 20MB-TESTFILE.ORG copy 2 - Copy - Copy - Copy.pdf
Encrypted: 20MB-TESTFILE.ORG copy 2 - Copy - Copy.pdf
Encrypted: 20MB-TESTFILE.ORG copy 2 - Copy.pdf
Encrypted: 20MB-TESTFILE.ORG copy 2.pdf
Encrypted: 20MB-TESTFILE.ORG copy 3 - Copy (2) - Copy - Copy.pdf
Encrypted: 20MB-TESTFILE.ORG copy 3 - Copy (2) - Copy.pdf
Encrypted: 20MB-TESTFILE.ORG copy 3 - Copy (2).pdf
Encrypted: 20MB-TESTFILE.ORG copy 3 - Copy (3) - Copy.pdf
Encrypted: 20MB-TESTFILE.ORG copy 3 - Copy (3).pdf
Encrypted: 20MB-TESTFILE.ORG copy 3 - Copy (4) - Copy.pdf
Encrypted: 20MB-TESTFILE.ORG copy 3 - Copy (4).pdf
Encrypted: 20MB-TESTFILE.ORG copy 3 - Copy - Copy (2) - Copy.pdf
Encrypted: 20MB-TESTFILE.ORG copy 3 - Copy - Copy (2).pdf
Encrypted: 20MB-TESTFILE.ORG copy 3 - Copy - Copy (3).pdf
Encrypted: 20MB-TESTFILE.ORG copy 3 - Copy - Copy - Copy (2).pdf
Encrypted: 20MB-TESTFILE.ORG copy 3 - Copy - Copy - Copy - Copy.pdf
Encrypted: 20MB-TESTFILE.ORG copy 3 - Copy - Copy - Copy.pdf
Encrypted: 20MB-TESTFILE.ORG copy 3 - Copy - Copy.pdf
Encrypted: 20MB-TESTFILE.ORG copy 3 - Copy.pdf
Encrypted: 20MB-TESTFILE.ORG copy 3.pdf
Encrypted: 20MB-TESTFILE.ORG copy 4 - Copy (2) - Copy - Copy.pdf
Encrypted: 20MB-TESTFILE.ORG copy 4 - Copy (2) - Copy.pdf
Encrypted: 20MB-TESTFILE.ORG copy 4 - Copy (2).pdf
Encrypted: 20MB-TESTFILE.ORG copy 4 - Copy (3) - Copy.pdf
Encrypted: 20MB-TESTFILE.ORG copy 4 - Copy (3).pdf
Encrypted: 20MB-TESTFILE.ORG copy 4 - Copy (4) - Copy.pdf
Encrypted: 20MB-TESTFILE.ORG copy 4 - Copy (4).pdf
Encrypted: 20MB-TESTFILE.ORG copy 4 - Copy - Copy (2) - Copy.pdf
Encrypted: 20MB-TESTFILE.ORG copy 4 - Copy - Copy (2).pdf
Encrypted: 20MB-TESTFILE.ORG copy 4 - Copy - Copy (3).pdf
Encrypted: 20MB-TESTFILE.ORG copy 4 - Copy - Copy - Copy (2).pdf
Encrypted: 20MB-TESTFILE.ORG copy 4 - Copy - Copy - Copy - Copy.pdf
Encrypted: 20MB-TESTFILE.ORG copy 4 - Copy - Copy - Copy.pdf
Encrypted: 20MB-TESTFILE.ORG copy 4 - Copy - Copy.pdf
Encrypted: 20MB-TESTFILE.ORG copy 4 - Copy.pdf
Encrypted: 20MB-TESTFILE.ORG copy 4.pdf
Encrypted: 20MB-TESTFILE.ORG copy 5 - Copy (2) - Copy - Copy.pdf
Encrypted: 20MB-TESTFILE.ORG copy 5 - Copy (2) - Copy.pdf
Encrypted: 20MB-TESTFILE.ORG copy 5 - Copy (2).pdf
Encrypted: 20MB-TESTFILE.ORG copy 5 - Copy (3) - Copy.pdf
Encrypted: 20MB-TESTFILE.ORG copy 5 - Copy (3).pdf
Encrypted: 20MB-TESTFILE.ORG copy 5 - Copy (4) - Copy.pdf
Encrypted: 20MB-TESTFILE.ORG copy 5 - Copy (4).pdf
Encrypted: 20MB-TESTFILE.ORG copy 5 - Copy - Copy (2) - Copy.pdf
Encrypted: 20MB-TESTFILE.ORG copy 5 - Copy - Copy (2).pdf
Encrypted: 20MB-TESTFILE.ORG copy 5 - Copy - Copy (3).pdf
Encrypted: 20MB-TESTFILE.ORG copy 5 - Copy - Copy - Copy (2).pdf
Encrypted: 20MB-TESTFILE.ORG copy 5 - Copy - Copy - Copy - Copy.pdf
Encrypted: 20MB-TESTFILE.ORG copy 5 - Copy - Copy - Copy.pdf
Encrypted: 20MB-TESTFILE.ORG copy 5 - Copy - Copy.pdf
Encrypted: 20MB-TESTFILE.ORG copy 5 - Copy.pdf
Encrypted: 20MB-TESTFILE.ORG copy 5.pdf
Encrypted: 20MB-TESTFILE.ORG.pdf
Encrypted: file-sample_100kB - Copy (2) - Copy - Copy.doc
Encrypted: file-sample_100kB - Copy (2) - Copy - Copy.docx
Encrypted: file-sample_100kB - Copy (2) - Copy.doc
Encrypted: file-sample_100kB - Copy (2) - Copy.docx
Encrypted: file-sample_100kB - Copy (2).doc
Encrypted: file-sample_100kB - Copy (2).docx
Encrypted: file-sample_100kB - Copy (3) - Copy.doc
Encrypted: file-sample_100kB - Copy (3) - Copy.docx
Encrypted: file-sample_100kB - Copy (3).doc
Encrypted: file-sample_100kB - Copy (3).docx
Encrypted: file-sample_100kB - Copy (4) - Copy.doc
Encrypted: file-sample_100kB - Copy (4) - Copy.docx
Encrypted: file-sample_100kB - Copy (4).doc
Encrypted: file-sample_100kB - Copy (4).docx
Encrypted: file-sample_100kB - Copy - Copy (2) - Copy.doc
Encrypted: file-sample_100kB - Copy - Copy (2) - Copy.docx
Encrypted: file-sample_100kB - Copy - Copy (2).doc
Encrypted: file-sample_100kB - Copy - Copy (2).docx
Encrypted: file-sample_100kB - Copy - Copy (3).doc
Encrypted: file-sample_100kB - Copy - Copy (3).docx
Encrypted: file-sample_100kB - Copy - Copy - Copy (2).doc
Encrypted: file-sample_100kB - Copy - Copy - Copy (2).docx
Encrypted: file-sample_100kB - Copy - Copy - Copy - Copy.doc
Encrypted: file-sample_100kB - Copy - Copy - Copy - Copy.docx
Encrypted: file-sample_100kB - Copy - Copy - Copy.doc
Encrypted: file-sample_100kB - Copy - Copy - Copy.docx
Encrypted: file-sample_100kB - Copy - Copy.doc
Encrypted: file-sample_100kB - Copy - Copy.docx
Encrypted: file-sample_100kB - Copy.doc
Encrypted: file-sample_100kB - Copy.docx
Encrypted: file-sample_100kB.doc
Encrypted: file-sample_100kB.docx
Encrypted: file-sample_1MB - Copy (2) - Copy - Copy.docx
Encrypted: file-sample_1MB - Copy (2) - Copy.docx
Encrypted: file-sample_1MB - Copy (2).docx
Encrypted: file-sample_1MB - Copy (3) - Copy.docx
Encrypted: file-sample_1MB - Copy (3).docx
Encrypted: file-sample_1MB - Copy (4) - Copy.docx
Encrypted: file-sample_1MB - Copy (4).docx
Encrypted: file-sample_1MB - Copy - Copy (2) - Copy.docx
Encrypted: file-sample_1MB - Copy - Copy (2).docx
Encrypted: file-sample_1MB - Copy - Copy (3).docx
Encrypted: file-sample_1MB - Copy - Copy - Copy (2).docx
Encrypted: file-sample_1MB - Copy - Copy - Copy - Copy.docx
Encrypted: file-sample_1MB - Copy - Copy - Copy.docx
Encrypted: file-sample_1MB - Copy - Copy.docx
Encrypted: file-sample_1MB - Copy.docx
Encrypted: file-sample_1MB.docx
Encrypted: file_example_favicon - Copy (2) - Copy - Copy.ico
Encrypted: file_example_favicon - Copy (2) - Copy.ico
Encrypted: file_example_favicon - Copy (2).ico
Encrypted: file_example_favicon - Copy (3) - Copy.ico
Encrypted: file_example_favicon - Copy (3).ico
Encrypted: file_example_favicon - Copy (4) - Copy.ico
Encrypted: file_example_favicon - Copy (4).ico
Encrypted: file_example_favicon - Copy - Copy (2) - Copy.ico
Encrypted: file_example_favicon - Copy - Copy (2).ico
Encrypted: file_example_favicon - Copy - Copy (3).ico
Encrypted: file_example_favicon - Copy - Copy - Copy (2).ico
Encrypted: file_example_favicon - Copy - Copy - Copy - Copy.ico
Encrypted: file_example_favicon - Copy - Copy - Copy.ico
Encrypted: file_example_favicon - Copy - Copy.ico
Encrypted: file_example_favicon - Copy.ico
Encrypted: file_example_favicon.ico
Encrypted: file_example_JPG_500kB - Copy (2) - Copy - Copy.jpg
Encrypted: file_example_JPG_500kB - Copy (2) - Copy.jpg
Encrypted: file_example_JPG_500kB - Copy (2).jpg
Encrypted: file_example_JPG_500kB - Copy (3) - Copy.jpg
Encrypted: file_example_JPG_500kB - Copy (3).jpg
Encrypted: file_example_JPG_500kB - Copy (4) - Copy.jpg
Encrypted: file_example_JPG_500kB - Copy (4).jpg
Encrypted: file_example_JPG_500kB - Copy - Copy (2) - Copy.jpg
Encrypted: file_example_JPG_500kB - Copy - Copy (2).jpg
Encrypted: file_example_JPG_500kB - Copy - Copy (3).jpg
Encrypted: file_example_JPG_500kB - Copy - Copy - Copy (2).jpg
Encrypted: file_example_JPG_500kB - Copy - Copy - Copy - Copy.jpg
Encrypted: file_example_JPG_500kB - Copy - Copy - Copy.jpg
Encrypted: file_example_JPG_500kB - Copy - Copy.jpg
Encrypted: file_example_JPG_500kB - Copy.jpg
Encrypted: file_example_JPG_500kB.jpg
Encrypted: file_example_MP3_2MG - Copy (2) - Copy - Copy.mp3
Encrypted: file_example_MP3_2MG - Copy (2) - Copy.mp3
Encrypted: file_example_MP3_2MG - Copy (2).mp3
Encrypted: file_example_MP3_2MG - Copy (3) - Copy.mp3
Encrypted: file_example_MP3_2MG - Copy (3).mp3
Encrypted: file_example_MP3_2MG - Copy (4) - Copy.mp3
Encrypted: file_example_MP3_2MG - Copy (4).mp3
Encrypted: file_example_MP3_2MG - Copy - Copy (2) - Copy.mp3
Encrypted: file_example_MP3_2MG - Copy - Copy (2).mp3
Encrypted: file_example_MP3_2MG - Copy - Copy (3).mp3
Encrypted: file_example_MP3_2MG - Copy - Copy - Copy (2).mp3
Encrypted: file_example_MP3_2MG - Copy - Copy - Copy - Copy.mp3
Encrypted: file_example_MP3_2MG - Copy - Copy - Copy.mp3
Encrypted: file_example_MP3_2MG - Copy - Copy.mp3
Encrypted: file_example_MP3_2MG - Copy.mp3
Encrypted: file_example_MP3_2MG.mp3
Encrypted: file_example_PNG_500kB - Copy (2) - Copy - Copy.png
Encrypted: file_example_PNG_500kB - Copy (2) - Copy.png
Encrypted: file_example_PNG_500kB - Copy (2).png
Encrypted: file_example_PNG_500kB - Copy (3) - Copy.png
Encrypted: file_example_PNG_500kB - Copy (3).png
Encrypted: file_example_PNG_500kB - Copy (4) - Copy.png
Encrypted: file_example_PNG_500kB - Copy (4).png
Encrypted: file_example_PNG_500kB - Copy - Copy (2) - Copy.png
Encrypted: file_example_PNG_500kB - Copy - Copy (2).png
Encrypted: file_example_PNG_500kB - Copy - Copy (3).png
Encrypted: file_example_PNG_500kB - Copy - Copy - Copy (2).png
Encrypted: file_example_PNG_500kB - Copy - Copy - Copy - Copy.png
Encrypted: file_example_PNG_500kB - Copy - Copy - Copy.png
Encrypted: file_example_PNG_500kB - Copy - Copy.png
Encrypted: file_example_PNG_500kB - Copy.png
Encrypted: file_example_PNG_500kB.png
Encrypted: file_example_PPT_1MB - Copy (2) - Copy - Copy.ppt
Encrypted: file_example_PPT_1MB - Copy (2) - Copy.ppt
Encrypted: file_example_PPT_1MB - Copy (2).ppt
Encrypted: file_example_PPT_1MB - Copy (3) - Copy.ppt
Encrypted: file_example_PPT_1MB - Copy (3).ppt
Encrypted: file_example_PPT_1MB - Copy (4) - Copy.ppt
Encrypted: file_example_PPT_1MB - Copy (4).ppt
Encrypted: file_example_PPT_1MB - Copy - Copy (2) - Copy.ppt
Encrypted: file_example_PPT_1MB - Copy - Copy (2).ppt
Encrypted: file_example_PPT_1MB - Copy - Copy (3).ppt
Encrypted: file_example_PPT_1MB - Copy - Copy - Copy (2).ppt
Encrypted: file_example_PPT_1MB - Copy - Copy - Copy - Copy.ppt
Encrypted: file_example_PPT_1MB - Copy - Copy - Copy.ppt
Encrypted: file_example_PPT_1MB - Copy - Copy.ppt
Encrypted: file_example_PPT_1MB - Copy.ppt
Encrypted: file_example_PPT_1MB.ppt
Decryption Started at: 1766850128677
Decrypted: 20MB-TESTFILE.ORG - Copy (2) - Copy - Copy.pdf
Decrypted: 20MB-TESTFILE.ORG - Copy (2) - Copy.pdf
Decrypted: 20MB-TESTFILE.ORG - Copy (2).pdf
Decrypted: 20MB-TESTFILE.ORG - Copy (3) - Copy.pdf
Decrypted: 20MB-TESTFILE.ORG - Copy (3).pdf
Decrypted: 20MB-TESTFILE.ORG - Copy (4) - Copy.pdf
Decrypted: 20MB-TESTFILE.ORG - Copy (4).pdf
Decrypted: 20MB-TESTFILE.ORG - Copy - Copy (2) - Copy.pdf
Decrypted: 20MB-TESTFILE.ORG - Copy - Copy (2).pdf
Decrypted: 20MB-TESTFILE.ORG - Copy - Copy (3).pdf
Decrypted: 20MB-TESTFILE.ORG - Copy - Copy - Copy (2).pdf
Decrypted: 20MB-TESTFILE.ORG - Copy - Copy - Copy - Copy.pdf
Decrypted: 20MB-TESTFILE.ORG - Copy - Copy - Copy.pdf
Decrypted: 20MB-TESTFILE.ORG - Copy - Copy.pdf
Decrypted: 20MB-TESTFILE.ORG - Copy.pdf
Decrypted: 20MB-TESTFILE.ORG copy 2 - Copy (2) - Copy - Copy.pdf
Decrypted: 20MB-TESTFILE.ORG copy 2 - Copy (2) - Copy.pdf
Decrypted: 20MB-TESTFILE.ORG copy 2 - Copy (2).pdf
Decrypted: 20MB-TESTFILE.ORG copy 2 - Copy (3) - Copy.pdf
Decrypted: 20MB-TESTFILE.ORG copy 2 - Copy (3).pdf
Decrypted: 20MB-TESTFILE.ORG copy 2 - Copy (4) - Copy.pdf
Decrypted: 20MB-TESTFILE.ORG copy 2 - Copy (4).pdf
Decrypted: 20MB-TESTFILE.ORG copy 2 - Copy - Copy (2) - Copy.pdf
Decrypted: 20MB-TESTFILE.ORG copy 2 - Copy - Copy (2).pdf
Decrypted: 20MB-TESTFILE.ORG copy 2 - Copy - Copy (3).pdf
Decrypted: 20MB-TESTFILE.ORG copy 2 - Copy - Copy - Copy (2).pdf
Decrypted: 20MB-TESTFILE.ORG copy 2 - Copy - Copy - Copy - Copy.pdf
Decrypted: 20MB-TESTFILE.ORG copy 2 - Copy - Copy - Copy.pdf
Decrypted: 20MB-TESTFILE.ORG copy 2 - Copy - Copy.pdf
Decrypted: 20MB-TESTFILE.ORG copy 2 - Copy.pdf
Decrypted: 20MB-TESTFILE.ORG copy 2.pdf
Decrypted: 20MB-TESTFILE.ORG copy 3 - Copy (2) - Copy - Copy.pdf
Decrypted: 20MB-TESTFILE.ORG copy 3 - Copy (2) - Copy.pdf
Decrypted: 20MB-TESTFILE.ORG copy 3 - Copy (2).pdf
Decrypted: 20MB-TESTFILE.ORG copy 3 - Copy (3) - Copy.pdf
Decrypted: 20MB-TESTFILE.ORG copy 3 - Copy (3).pdf
Decrypted: 20MB-TESTFILE.ORG copy 3 - Copy (4) - Copy.pdf
Decrypted: 20MB-TESTFILE.ORG copy 3 - Copy (4).pdf
Decrypted: 20MB-TESTFILE.ORG copy 3 - Copy - Copy (2) - Copy.pdf
Decrypted: 20MB-TESTFILE.ORG copy 3 - Copy - Copy (2).pdf
Decrypted: 20MB-TESTFILE.ORG copy 3 - Copy - Copy (3).pdf
Decrypted: 20MB-TESTFILE.ORG copy 3 - Copy - Copy - Copy (2).pdf
Decrypted: 20MB-TESTFILE.ORG copy 3 - Copy - Copy - Copy - Copy.pdf
Decrypted: 20MB-TESTFILE.ORG copy 3 - Copy - Copy - Copy.pdf
Decrypted: 20MB-TESTFILE.ORG copy 3 - Copy - Copy.pdf
Decrypted: 20MB-TESTFILE.ORG copy 3 - Copy.pdf
Decrypted: 20MB-TESTFILE.ORG copy 3.pdf
Decrypted: 20MB-TESTFILE.ORG copy 4 - Copy (2) - Copy - Copy.pdf
Decrypted: 20MB-TESTFILE.ORG copy 4 - Copy (2) - Copy.pdf
Decrypted: 20MB-TESTFILE.ORG copy 4 - Copy (2).pdf
Decrypted: 20MB-TESTFILE.ORG copy 4 - Copy (3) - Copy.pdf
Decrypted: 20MB-TESTFILE.ORG copy 4 - Copy (3).pdf
Decrypted: 20MB-TESTFILE.ORG copy 4 - Copy (4) - Copy.pdf
Decrypted: 20MB-TESTFILE.ORG copy 4 - Copy (4).pdf
Decrypted: 20MB-TESTFILE.ORG copy 4 - Copy - Copy (2) - Copy.pdf
Decrypted: 20MB-TESTFILE.ORG copy 4 - Copy - Copy (2).pdf
Decrypted: 20MB-TESTFILE.ORG copy 4 - Copy - Copy (3).pdf
Decrypted: 20MB-TESTFILE.ORG copy 4 - Copy - Copy - Copy (2).pdf
Decrypted: 20MB-TESTFILE.ORG copy 4 - Copy - Copy - Copy - Copy.pdf
Decrypted: 20MB-TESTFILE.ORG copy 4 - Copy - Copy - Copy.pdf
Decrypted: 20MB-TESTFILE.ORG copy 4 - Copy - Copy.pdf
Decrypted: 20MB-TESTFILE.ORG copy 4 - Copy.pdf
Decrypted: 20MB-TESTFILE.ORG copy 4.pdf
Decrypted: 20MB-TESTFILE.ORG copy 5 - Copy (2) - Copy - Copy.pdf
Decrypted: 20MB-TESTFILE.ORG copy 5 - Copy (2) - Copy.pdf
Decrypted: 20MB-TESTFILE.ORG copy 5 - Copy (2).pdf
Decrypted: 20MB-TESTFILE.ORG copy 5 - Copy (3) - Copy.pdf
Decrypted: 20MB-TESTFILE.ORG copy 5 - Copy (3).pdf
Decrypted: 20MB-TESTFILE.ORG copy 5 - Copy (4) - Copy.pdf
Decrypted: 20MB-TESTFILE.ORG copy 5 - Copy (4).pdf
Decrypted: 20MB-TESTFILE.ORG copy 5 - Copy - Copy (2) - Copy.pdf
Decrypted: 20MB-TESTFILE.ORG copy 5 - Copy - Copy (2).pdf
Decrypted: 20MB-TESTFILE.ORG copy 5 - Copy - Copy (3).pdf
Decrypted: 20MB-TESTFILE.ORG copy 5 - Copy - Copy - Copy (2).pdf
Decrypted: 20MB-TESTFILE.ORG copy 5 - Copy - Copy - Copy - Copy.pdf
Decrypted: 20MB-TESTFILE.ORG copy 5 - Copy - Copy - Copy.pdf
Decrypted: 20MB-TESTFILE.ORG copy 5 - Copy - Copy.pdf
Decrypted: 20MB-TESTFILE.ORG copy 5 - Copy.pdf
Decrypted: 20MB-TESTFILE.ORG copy 5.pdf
Decrypted: 20MB-TESTFILE.ORG.pdf
Decrypted: file-sample_100kB - Copy (2) - Copy - Copy.doc
Decrypted: file-sample_100kB - Copy (2) - Copy - Copy.docx
Decrypted: file-sample_100kB - Copy (2) - Copy.doc
Decrypted: file-sample_100kB - Copy (2) - Copy.docx
Decrypted: file-sample_100kB - Copy (2).doc
Decrypted: file-sample_100kB - Copy (2).docx
Decrypted: file-sample_100kB - Copy (3) - Copy.doc
Decrypted: file-sample_100kB - Copy (3) - Copy.docx
Decrypted: file-sample_100kB - Copy (3).doc
Decrypted: file-sample_100kB - Copy (3).docx
Decrypted: file-sample_100kB - Copy (4) - Copy.doc
Decrypted: file-sample_100kB - Copy (4) - Copy.docx
Decrypted: file-sample_100kB - Copy (4).doc
Decrypted: file-sample_100kB - Copy (4).docx
Decrypted: file-sample_100kB - Copy - Copy (2) - Copy.doc
Decrypted: file-sample_100kB - Copy - Copy (2) - Copy.docx
Decrypted: file-sample_100kB - Copy - Copy (2).doc
Decrypted: file-sample_100kB - Copy - Copy (2).docx
Decrypted: file-sample_100kB - Copy - Copy (3).doc
Decrypted: file-sample_100kB - Copy - Copy (3).docx
Decrypted: file-sample_100kB - Copy - Copy - Copy (2).doc
Decrypted: file-sample_100kB - Copy - Copy - Copy (2).docx
Decrypted: file-sample_100kB - Copy - Copy - Copy - Copy.doc
Decrypted: file-sample_100kB - Copy - Copy - Copy - Copy.docx
Decrypted: file-sample_100kB - Copy - Copy - Copy.doc
Decrypted: file-sample_100kB - Copy - Copy - Copy.docx
Decrypted: file-sample_100kB - Copy - Copy.doc
Decrypted: file-sample_100kB - Copy - Copy.docx
Decrypted: file-sample_100kB - Copy.doc
Decrypted: file-sample_100kB - Copy.docx
Decrypted: file-sample_100kB.doc
Decrypted: file-sample_100kB.docx
Decrypted: file-sample_1MB - Copy (2) - Copy - Copy.docx
Decrypted: file-sample_1MB - Copy (2) - Copy.docx
Decrypted: file-sample_1MB - Copy (2).docx
Decrypted: file-sample_1MB - Copy (3) - Copy.docx
Decrypted: file-sample_1MB - Copy (3).docx
Decrypted: file-sample_1MB - Copy (4) - Copy.docx
Decrypted: file-sample_1MB - Copy (4).docx
Decrypted: file-sample_1MB - Copy - Copy (2) - Copy.docx
Decrypted: file-sample_1MB - Copy - Copy (2).docx
Decrypted: file-sample_1MB - Copy - Copy (3).docx
Decrypted: file-sample_1MB - Copy - Copy - Copy (2).docx
Decrypted: file-sample_1MB - Copy - Copy - Copy - Copy.docx
Decrypted: file-sample_1MB - Copy - Copy - Copy.docx
Decrypted: file-sample_1MB - Copy - Copy.docx
Decrypted: file-sample_1MB - Copy.docx
Decrypted: file-sample_1MB.docx
Decrypted: file_example_favicon - Copy (2) - Copy - Copy.ico
Decrypted: file_example_favicon - Copy (2) - Copy.ico
Decrypted: file_example_favicon - Copy (2).ico
Decrypted: file_example_favicon - Copy (3) - Copy.ico
Decrypted: file_example_favicon - Copy (3).ico
Decrypted: file_example_favicon - Copy (4) - Copy.ico
Decrypted: file_example_favicon - Copy (4).ico
Decrypted: file_example_favicon - Copy - Copy (2) - Copy.ico
Decrypted: file_example_favicon - Copy - Copy (2).ico
Decrypted: file_example_favicon - Copy - Copy (3).ico
Decrypted: file_example_favicon - Copy - Copy - Copy (2).ico
Decrypted: file_example_favicon - Copy - Copy - Copy - Copy.ico
Decrypted: file_example_favicon - Copy - Copy - Copy.ico
Decrypted: file_example_favicon - Copy - Copy.ico
Decrypted: file_example_favicon - Copy.ico
Decrypted: file_example_favicon.ico
Decrypted: file_example_JPG_500kB - Copy (2) - Copy - Copy.jpg
Decrypted: file_example_JPG_500kB - Copy (2) - Copy.jpg
Decrypted: file_example_JPG_500kB - Copy (2).jpg
Decrypted: file_example_JPG_500kB - Copy (3) - Copy.jpg
Decrypted: file_example_JPG_500kB - Copy (3).jpg
Decrypted: file_example_JPG_500kB - Copy (4) - Copy.jpg
Decrypted: file_example_JPG_500kB - Copy (4).jpg
Decrypted: file_example_JPG_500kB - Copy - Copy (2) - Copy.jpg
Decrypted: file_example_JPG_500kB - Copy - Copy (2).jpg
Decrypted: file_example_JPG_500kB - Copy - Copy (3).jpg
Decrypted: file_example_JPG_500kB - Copy - Copy - Copy (2).jpg
Decrypted: file_example_JPG_500kB - Copy - Copy - Copy - Copy.jpg
Decrypted: file_example_JPG_500kB - Copy - Copy - Copy.jpg
Decrypted: file_example_JPG_500kB - Copy - Copy.jpg
Decrypted: file_example_JPG_500kB - Copy.jpg
Decrypted: file_example_JPG_500kB.jpg
Decrypted: file_example_MP3_2MG - Copy (2) - Copy - Copy.mp3
Decrypted: file_example_MP3_2MG - Copy (2) - Copy.mp3
Decrypted: file_example_MP3_2MG - Copy (2).mp3
Decrypted: file_example_MP3_2MG - Copy (3) - Copy.mp3
Decrypted: file_example_MP3_2MG - Copy (3).mp3
Decrypted: file_example_MP3_2MG - Copy (4) - Copy.mp3
Decrypted: file_example_MP3_2MG - Copy (4).mp3
Decrypted: file_example_MP3_2MG - Copy - Copy (2) - Copy.mp3
Decrypted: file_example_MP3_2MG - Copy - Copy (2).mp3
Decrypted: file_example_MP3_2MG - Copy - Copy (3).mp3
Decrypted: file_example_MP3_2MG - Copy - Copy - Copy (2).mp3
Decrypted: file_example_MP3_2MG - Copy - Copy - Copy - Copy.mp3
Decrypted: file_example_MP3_2MG - Copy - Copy - Copy.mp3
Decrypted: file_example_MP3_2MG - Copy - Copy.mp3
Decrypted: file_example_MP3_2MG - Copy.mp3
Decrypted: file_example_MP3_2MG.mp3
Decrypted: file_example_PNG_500kB - Copy (2) - Copy - Copy.png
Decrypted: file_example_PNG_500kB - Copy (2) - Copy.png
Decrypted: file_example_PNG_500kB - Copy (2).png
Decrypted: file_example_PNG_500kB - Copy (3) - Copy.png
Decrypted: file_example_PNG_500kB - Copy (3).png
Decrypted: file_example_PNG_500kB - Copy (4) - Copy.png
Decrypted: file_example_PNG_500kB - Copy (4).png
Decrypted: file_example_PNG_500kB - Copy - Copy (2) - Copy.png
Decrypted: file_example_PNG_500kB - Copy - Copy (2).png
Decrypted: file_example_PNG_500kB - Copy - Copy (3).png
Decrypted: file_example_PNG_500kB - Copy - Copy - Copy (2).png
Decrypted: file_example_PNG_500kB - Copy - Copy - Copy - Copy.png
Encryption Started at: 1766850431624
Encrypted: 20MB-TESTFILE.ORG - Copy (2) - Copy - Copy.pdf
Encrypted: 20MB-TESTFILE.ORG - Copy (2) - Copy.pdf
Encrypted: 20MB-TESTFILE.ORG - Copy (2).pdf
Encrypted: 20MB-TESTFILE.ORG - Copy (3) - Copy.pdf
Encrypted: 20MB-TESTFILE.ORG - Copy (3).pdf
Encrypted: 20MB-TESTFILE.ORG - Copy (4) - Copy.pdf
Encrypted: 20MB-TESTFILE.ORG - Copy (4).pdf
Encrypted: 20MB-TESTFILE.ORG - Copy - Copy (2) - Copy.pdf
Encrypted: 20MB-TESTFILE.ORG - Copy - Copy (2).pdf
Encrypted: 20MB-TESTFILE.ORG - Copy - Copy (3).pdf
Encrypted: 20MB-TESTFILE.ORG - Copy - Copy - Copy (2).pdf
Encrypted: 20MB-TESTFILE.ORG - Copy - Copy - Copy - Copy.pdf
Encrypted: 20MB-TESTFILE.ORG - Copy - Copy - Copy.pdf
Encrypted: 20MB-TESTFILE.ORG - Copy - Copy.pdf
Encrypted: 20MB-TESTFILE.ORG - Copy.pdf
Encrypted: 20MB-TESTFILE.ORG copy 2 - Copy (2) - Copy - Copy.pdf
Encrypted: 20MB-TESTFILE.ORG copy 2 - Copy (2) - Copy.pdf
Encrypted: 20MB-TESTFILE.ORG copy 2 - Copy (2).pdf
Encrypted: 20MB-TESTFILE.ORG copy 2 - Copy (3) - Copy.pdf
Encrypted: 20MB-TESTFILE.ORG copy 2 - Copy (3).pdf
Encrypted: 20MB-TESTFILE.ORG copy 2 - Copy (4) - Copy.pdf
Encrypted: 20MB-TESTFILE.ORG copy 2 - Copy (4).pdf
Encrypted: 20MB-TESTFILE.ORG copy 2 - Copy - Copy (2) - Copy.pdf
Encrypted: 20MB-TESTFILE.ORG copy 2 - Copy - Copy (2).pdf
Encrypted: 20MB-TESTFILE.ORG copy 2 - Copy - Copy (3).pdf
Encrypted: 20MB-TESTFILE.ORG copy 2 - Copy - Copy - Copy (2).pdf
Encrypted: 20MB-TESTFILE.ORG copy 2 - Copy - Copy - Copy - Copy.pdf
Encrypted: 20MB-TESTFILE.ORG copy 2 - Copy - Copy - Copy.pdf
Encrypted: 20MB-TESTFILE.ORG copy 2 - Copy - Copy.pdf
Encrypted: 20MB-TESTFILE.ORG copy 2 - Copy.pdf
Encrypted: 20MB-TESTFILE.ORG copy 2.pdf
Encrypted: 20MB-TESTFILE.ORG copy 3 - Copy (2) - Copy - Copy.pdf
Encrypted: 20MB-TESTFILE.ORG copy 3 - Copy (2) - Copy.pdf
Encrypted: 20MB-TESTFILE.ORG copy 3 - Copy (2).pdf
Encrypted: 20MB-TESTFILE.ORG copy 3 - Copy (3) - Copy.pdf
Encrypted: 20MB-TESTFILE.ORG copy 3 - Copy (3).pdf
Encrypted: 20MB-TESTFILE.ORG copy 3 - Copy (4) - Copy.pdf
Encrypted: 20MB-TESTFILE.ORG copy 3 - Copy (4).pdf
Encrypted: 20MB-TESTFILE.ORG copy 3 - Copy - Copy (2) - Copy.pdf
Encrypted: 20MB-TESTFILE.ORG copy 3 - Copy - Copy (2).pdf
Encrypted: 20MB-TESTFILE.ORG copy 3 - Copy - Copy (3).pdf
Encrypted: 20MB-TESTFILE.ORG copy 3 - Copy - Copy - Copy (2).pdf
Encrypted: 20MB-TESTFILE.ORG copy 3 - Copy - Copy - Copy - Copy.pdf
Encrypted: 20MB-TESTFILE.ORG copy 3 - Copy - Copy - Copy.pdf
Encrypted: 20MB-TESTFILE.ORG copy 3 - Copy - Copy.pdf
Encrypted: 20MB-TESTFILE.ORG copy 3 - Copy.pdf
Encrypted: 20MB-TESTFILE.ORG copy 3.pdf
Encrypted: 20MB-TESTFILE.ORG copy 4 - Copy (2) - Copy - Copy.pdf
Encrypted: 20MB-TESTFILE.ORG copy 4 - Copy (2) - Copy.pdf
Encrypted: 20MB-TESTFILE.ORG copy 4 - Copy (2).pdf
Encrypted: 20MB-TESTFILE.ORG copy 4 - Copy (3) - Copy.pdf
Encrypted: 20MB-TESTFILE.ORG copy 4 - Copy (3).pdf
Encrypted: 20MB-TESTFILE.ORG copy 4 - Copy (4) - Copy.pdf
Encrypted: 20MB-TESTFILE.ORG copy 4 - Copy (4).pdf
Encrypted: 20MB-TESTFILE.ORG copy 4 - Copy - Copy (2) - Copy.pdf
Encrypted: 20MB-TESTFILE.ORG copy 4 - Copy - Copy (2).pdf
Encrypted: 20MB-TESTFILE.ORG copy 4 - Copy - Copy (3).pdf
Encrypted: 20MB-TESTFILE.ORG copy 4 - Copy - Copy - Copy (2).pdf
Encrypted: 20MB-TESTFILE.ORG copy 4 - Copy - Copy - Copy - Copy.pdf
Encrypted: 20MB-TESTFILE.ORG copy 4 - Copy - Copy - Copy.pdf
Encrypted: 20MB-TESTFILE.ORG copy 4 - Copy - Copy.pdf
Encrypted: 20MB-TESTFILE.ORG copy 4 - Copy.pdf
Encrypted: 20MB-TESTFILE.ORG copy 4.pdf
Encrypted: 20MB-TESTFILE.ORG copy 5 - Copy (2) - Copy - Copy.pdf
Encrypted: 20MB-TESTFILE.ORG copy 5 - Copy (2) - Copy.pdf
Encrypted: 20MB-TESTFILE.ORG copy 5 - Copy (2).pdf
Encrypted: 20MB-TESTFILE.ORG copy 5 - Copy (3) - Copy.pdf
Encrypted: 20MB-TESTFILE.ORG copy 5 - Copy (3).pdf
Encrypted: 20MB-TESTFILE.ORG copy 5 - Copy (4) - Copy.pdf
Encrypted: 20MB-TESTFILE.ORG copy 5 - Copy (4).pdf
Encrypted: 20MB-TESTFILE.ORG copy 5 - Copy - Copy (2) - Copy.pdf
Encrypted: 20MB-TESTFILE.ORG copy 5 - Copy - Copy (2).pdf
Encrypted: 20MB-TESTFILE.ORG copy 5 - Copy - Copy (3).pdf
Encrypted: 20MB-TESTFILE.ORG copy 5 - Copy - Copy - Copy (2).pdf
Encrypted: 20MB-TESTFILE.ORG copy 5 - Copy - Copy - Copy - Copy.pdf
Encrypted: 20MB-TESTFILE.ORG copy 5 - Copy - Copy - Copy.pdf
Encrypted: 20MB-TESTFILE.ORG copy 5 - Copy - Copy.pdf
Encrypted: 20MB-TESTFILE.ORG copy 5 - Copy.pdf
Encrypted: 20MB-TESTFILE.ORG copy 5.pdf
Encrypted: 20MB-TESTFILE.ORG.pdf
Encrypted: file-sample_100kB - Copy (2) - Copy - Copy.doc
Encrypted: file-sample_100kB - Copy (2) - Copy - Copy.docx
Encrypted: file-sample_100kB - Copy (2) - Copy.doc
Encrypted: file-sample_100kB - Copy (2) - Copy.docx
Encrypted: file-sample_100kB - Copy (2).doc
Encrypted: file-sample_100kB - Copy (2).docx
Encrypted: file-sample_100kB - Copy (3) - Copy.doc
Encrypted: file-sample_100kB - Copy (3) - Copy.docx
Encrypted: file-sample_100kB - Copy (3).doc
Encrypted: file-sample_100kB - Copy (3).docx
Encrypted: file-sample_100kB - Copy (4) - Copy.doc
Encrypted: file-sample_100kB - Copy (4) - Copy.docx
Encrypted: file-sample_100kB - Copy (4).doc
Encrypted: file-sample_100kB - Copy (4).docx
Encrypted: file-sample_100kB - Copy - Copy (2) - Copy.doc
Encrypted: file-sample_100kB - Copy - Copy (2) - Copy.docx
Encrypted: file-sample_100kB - Copy - Copy (2).doc
Encrypted: file-sample_100kB - Copy - Copy (2).docx
Encrypted: file-sample_100kB - Copy - Copy (3).doc
Encrypted: file-sample_100kB - Copy - Copy (3).docx
Encrypted: file-sample_100kB - Copy - Copy - Copy (2).doc
Encrypted: file-sample_100kB - Copy - Copy - Copy (2).docx
Encrypted: file-sample_100kB - Copy - Copy - Copy - Copy.doc
Encrypted: file-sample_100kB - Copy - Copy - Copy - Copy.docx
Encrypted: file-sample_100kB - Copy - Copy - Copy.doc
Encrypted: file-sample_100kB - Copy - Copy - Copy.docx
Encrypted: file-sample_100kB - Copy - Copy.doc
Encrypted: file-sample_100kB - Copy - Copy.docx
Encrypted: file-sample_100kB - Copy.doc
Encrypted: file-sample_100kB - Copy.docx
Encrypted: file-sample_100kB.doc
Encrypted: file-sample_100kB.docx
Encrypted: file-sample_1MB - Copy (2) - Copy - Copy.docx
Encrypted: file-sample_1MB - Copy (2) - Copy.docx
Encrypted: file-sample_1MB - Copy (2).docx
Encrypted: file-sample_1MB - Copy (3) - Copy.docx
Encrypted: file-sample_1MB - Copy (3).docx
Encrypted: file-sample_1MB - Copy (4) - Copy.docx
Encrypted: file-sample_1MB - Copy (4).docx
Encrypted: file-sample_1MB - Copy - Copy (2) - Copy.docx
Encrypted: file-sample_1MB - Copy - Copy (2).docx
Encrypted: file-sample_1MB - Copy - Copy (3).docx
Encrypted: file-sample_1MB - Copy - Copy - Copy (2).docx
Encrypted: file-sample_1MB - Copy - Copy - Copy - Copy.docx
Encrypted: file-sample_1MB - Copy - Copy - Copy.docx
Encrypted: file-sample_1MB - Copy - Copy.docx
Encrypted: file-sample_1MB - Copy.docx
Encrypted: file-sample_1MB.docx
Encrypted: file_example_favicon - Copy (2) - Copy - Copy.ico
Encrypted: file_example_favicon - Copy (2) - Copy.ico
Encrypted: file_example_favicon - Copy (2).ico
Encrypted: file_example_favicon - Copy (3) - Copy.ico
Encrypted: file_example_favicon - Copy (3).ico
Encrypted: file_example_favicon - Copy (4) - Copy.ico
Encrypted: file_example_favicon - Copy (4).ico
Encrypted: file_example_favicon - Copy - Copy (2) - Copy.ico
Encrypted: file_example_favicon - Copy - Copy (2).ico
Encrypted: file_example_favicon - Copy - Copy (3).ico
Encrypted: file_example_favicon - Copy - Copy - Copy (2).ico
Encrypted: file_example_favicon - Copy - Copy - Copy - Copy.ico
Encrypted: file_example_favicon - Copy - Copy - Copy.ico
Encrypted: file_example_favicon - Copy - Copy.ico
Encrypted: file_example_favicon - Copy.ico
Encrypted: file_example_favicon.ico
Encrypted: file_example_JPG_500kB - Copy (2) - Copy - Copy.jpg
Encrypted: file_example_JPG_500kB - Copy (2) - Copy.jpg
Encrypted: file_example_JPG_500kB - Copy (2).jpg
Encrypted: file_example_JPG_500kB - Copy (3) - Copy.jpg
Encrypted: file_example_JPG_500kB - Copy (3).jpg
Encrypted: file_example_JPG_500kB - Copy (4) - Copy.jpg
Encrypted: file_example_JPG_500kB - Copy (4).jpg
Encrypted: file_example_JPG_500kB - Copy - Copy (2) - Copy.jpg
Encrypted: file_example_JPG_500kB - Copy - Copy (2).jpg
Encrypted: file_example_JPG_500kB - Copy - Copy (3).jpg
Encrypted: file_example_JPG_500kB - Copy - Copy - Copy (2).jpg
Encrypted: file_example_JPG_500kB - Copy - Copy - Copy - Copy.jpg
Encrypted: file_example_JPG_500kB - Copy - Copy - Copy.jpg
Encrypted: file_example_JPG_500kB - Copy - Copy.jpg
Encrypted: file_example_JPG_500kB - Copy.jpg
Encrypted: file_example_JPG_500kB.jpg
Encrypted: file_example_MP3_2MG - Copy (2) - Copy - Copy.mp3
Encrypted: file_example_MP3_2MG - Copy (2) - Copy.mp3
Encrypted: file_example_MP3_2MG - Copy (2).mp3
Encrypted: file_example_MP3_2MG - Copy (3) - Copy.mp3
Encrypted: file_example_MP3_2MG - Copy (3).mp3
Encrypted: file_example_MP3_2MG - Copy (4) - Copy.mp3
Encrypted: file_example_MP3_2MG - Copy (4).mp3
Encrypted: file_example_MP3_2MG - Copy - Copy (2) - Copy.mp3
Encrypted: file_example_MP3_2MG - Copy - Copy (2).mp3
Encrypted: file_example_MP3_2MG - Copy - Copy (3).mp3
Encrypted: file_example_MP3_2MG - Copy - Copy - Copy (2).mp3
Encrypted: file_example_MP3_2MG - Copy - Copy - Copy - Copy.mp3
Encrypted: file_example_MP3_2MG - Copy - Copy - Copy.mp3
Encrypted: file_example_MP3_2MG - Copy - Copy.mp3
Encrypted: file_example_MP3_2MG - Copy.mp3
Encrypted: file_example_MP3_2MG.mp3
Encrypted: file_example_PNG_500kB - Copy (2) - Copy - Copy.png
Encrypted: file_example_PNG_500kB - Copy (2) - Copy.png
Encrypted: file_example_PNG_500kB - Copy (2).png
Encrypted: file_example_PNG_500kB - Copy (3) - Copy.png
Encrypted: file_example_PNG_500kB - Copy (3).png
Encrypted: file_example_PNG_500kB - Copy (4) - Copy.png
Encrypted: file_example_PNG_500kB - Copy (4).png
Encrypted: file_example_PNG_500kB - Copy - Copy (2) - Copy.png
Encrypted: file_example_PNG_500kB - Copy - Copy (2).png
Encrypted: file_example_PNG_500kB - Copy - Copy (3).png
Encrypted: file_example_PNG_500kB - Copy - Copy - Copy (2).png
Encrypted: file_example_PNG_500kB - Copy - Copy - Copy - Copy.png
Encrypted: file_example_PNG_500kB - Copy - Copy - Copy.png
Decryption Started at: 1766850448091
Decrypted: 20MB-TESTFILE.ORG - Copy (2) - Copy - Copy.pdf
Decrypted: 20MB-TESTFILE.ORG - Copy (2) - Copy.pdf
Decrypted: 20MB-TESTFILE.ORG - Copy (2).pdf
Decrypted: 20MB-TESTFILE.ORG - Copy (3) - Copy.pdf
Decrypted: 20MB-TESTFILE.ORG - Copy (3).pdf
Decrypted: 20MB-TESTFILE.ORG - Copy (4) - Copy.pdf
Decrypted: 20MB-TESTFILE.ORG - Copy (4).pdf
Decrypted: 20MB-TESTFILE.ORG - Copy - Copy (2) - Copy.pdf
Decrypted: 20MB-TESTFILE.ORG - Copy - Copy (2).pdf
Decrypted: 20MB-TESTFILE.ORG - Copy - Copy (3).pdf
Decrypted: 20MB-TESTFILE.ORG - Copy - Copy - Copy (2).pdf
Decrypted: 20MB-TESTFILE.ORG - Copy - Copy - Copy - Copy.pdf
Decrypted: 20MB-TESTFILE.ORG - Copy - Copy - Copy.pdf
Decrypted: 20MB-TESTFILE.ORG - Copy - Copy.pdf
Decrypted: 20MB-TESTFILE.ORG - Copy.pdf
Decrypted: 20MB-TESTFILE.ORG copy 2 - Copy (2) - Copy - Copy.pdf
Decrypted: 20MB-TESTFILE.ORG copy 2 - Copy (2) - Copy.pdf
Decrypted: 20MB-TESTFILE.ORG copy 2 - Copy (2).pdf
Decrypted: 20MB-TESTFILE.ORG copy 2 - Copy (3) - Copy.pdf
Decrypted: 20MB-TESTFILE.ORG copy 2 - Copy (3).pdf
Decrypted: 20MB-TESTFILE.ORG copy 2 - Copy (4) - Copy.pdf
Decrypted: 20MB-TESTFILE.ORG copy 2 - Copy (4).pdf
Decrypted: 20MB-TESTFILE.ORG copy 2 - Copy - Copy (2) - Copy.pdf
Decrypted: 20MB-TESTFILE.ORG copy 2 - Copy - Copy (2).pdf
Decrypted: 20MB-TESTFILE.ORG copy 2 - Copy - Copy (3).pdf
Decrypted: 20MB-TESTFILE.ORG copy 2 - Copy - Copy - Copy (2).pdf
Decrypted: 20MB-TESTFILE.ORG copy 2 - Copy - Copy - Copy - Copy.pdf
Decrypted: 20MB-TESTFILE.ORG copy 2 - Copy - Copy - Copy.pdf
Decrypted: 20MB-TESTFILE.ORG copy 2 - Copy - Copy.pdf
Decrypted: 20MB-TESTFILE.ORG copy 2 - Copy.pdf
Decrypted: 20MB-TESTFILE.ORG copy 2.pdf
Decrypted: 20MB-TESTFILE.ORG copy 3 - Copy (2) - Copy - Copy.pdf
Decrypted: 20MB-TESTFILE.ORG copy 3 - Copy (2) - Copy.pdf
Decrypted: 20MB-TESTFILE.ORG copy 3 - Copy (2).pdf
Decrypted: 20MB-TESTFILE.ORG copy 3 - Copy (3) - Copy.pdf
Decrypted: 20MB-TESTFILE.ORG copy 3 - Copy (3).pdf
Decrypted: 20MB-TESTFILE.ORG copy 3 - Copy (4) - Copy.pdf
Decrypted: 20MB-TESTFILE.ORG copy 3 - Copy (4).pdf
Decrypted: 20MB-TESTFILE.ORG copy 3 - Copy - Copy (2) - Copy.pdf
Decrypted: 20MB-TESTFILE.ORG copy 3 - Copy - Copy (2).pdf
Decrypted: 20MB-TESTFILE.ORG copy 3 - Copy - Copy (3).pdf
Decrypted: 20MB-TESTFILE.ORG copy 3 - Copy - Copy - Copy (2).pdf
Decrypted: 20MB-TESTFILE.ORG copy 3 - Copy - Copy - Copy - Copy.pdf
Decrypted: 20MB-TESTFILE.ORG copy 3 - Copy - Copy - Copy.pdf
Decrypted: 20MB-TESTFILE.ORG copy 3 - Copy - Copy.pdf
Decrypted: 20MB-TESTFILE.ORG copy 3 - Copy.pdf
Decrypted: 20MB-TESTFILE.ORG copy 3.pdf
Decrypted: 20MB-TESTFILE.ORG copy 4 - Copy (2) - Copy - Copy.pdf
Decrypted: 20MB-TESTFILE.ORG copy 4 - Copy (2) - Copy.pdf
Decrypted: 20MB-TESTFILE.ORG copy 4 - Copy (2).pdf
Decrypted: 20MB-TESTFILE.ORG copy 4 - Copy (3) - Copy.pdf
Decrypted: 20MB-TESTFILE.ORG copy 4 - Copy (3).pdf
Decrypted: 20MB-TESTFILE.ORG copy 4 - Copy (4) - Copy.pdf
Decrypted: 20MB-TESTFILE.ORG copy 4 - Copy (4).pdf
Decrypted: 20MB-TESTFILE.ORG copy 4 - Copy - Copy (2) - Copy.pdf
Decrypted: 20MB-TESTFILE.ORG copy 4 - Copy - Copy (2).pdf
Decrypted: 20MB-TESTFILE.ORG copy 4 - Copy - Copy (3).pdf
Decrypted: 20MB-TESTFILE.ORG copy 4 - Copy - Copy - Copy (2).pdf
Decrypted: 20MB-TESTFILE.ORG copy 4 - Copy - Copy - Copy - Copy.pdf
Decrypted: 20MB-TESTFILE.ORG copy 4 - Copy - Copy - Copy.pdf
Decrypted: 20MB-TESTFILE.ORG copy 4 - Copy - Copy.pdf
Decrypted: 20MB-TESTFILE.ORG copy 4 - Copy.pdf
Decrypted: 20MB-TESTFILE.ORG copy 4.pdf
Decrypted: 20MB-TESTFILE.ORG copy 5 - Copy (2) - Copy - Copy.pdf
Decrypted: 20MB-TESTFILE.ORG copy 5 - Copy (2) - Copy.pdf
Decrypted: 20MB-TESTFILE.ORG copy 5 - Copy (2).pdf
Decrypted: 20MB-TESTFILE.ORG copy 5 - Copy (3) - Copy.pdf
Decrypted: 20MB-TESTFILE.ORG copy 5 - Copy (3).pdf
Decrypted: 20MB-TESTFILE.ORG copy 5 - Copy (4) - Copy.pdf
Decrypted: 20MB-TESTFILE.ORG copy 5 - Copy (4).pdf
Decrypted: 20MB-TESTFILE.ORG copy 5 - Copy - Copy (2) - Copy.pdf
Decrypted: 20MB-TESTFILE.ORG copy 5 - Copy - Copy (2).pdf
Decrypted: 20MB-TESTFILE.ORG copy 5 - Copy - Copy (3).pdf
Decrypted: 20MB-TESTFILE.ORG copy 5 - Copy - Copy - Copy (2).pdf
Decrypted: 20MB-TESTFILE.ORG copy 5 - Copy - Copy - Copy - Copy.pdf
Decrypted: 20MB-TESTFILE.ORG copy 5 - Copy - Copy - Copy.pdf
Decrypted: 20MB-TESTFILE.ORG copy 5 - Copy - Copy.pdf
Decrypted: 20MB-TESTFILE.ORG copy 5 - Copy.pdf
Decrypted: 20MB-TESTFILE.ORG copy 5.pdf
Decrypted: 20MB-TESTFILE.ORG.pdf
Decrypted: file-sample_100kB - Copy (2) - Copy - Copy.doc
Decrypted: file-sample_100kB - Copy (2) - Copy - Copy.docx
Decrypted: file-sample_100kB - Copy (2) - Copy.doc
Decrypted: file-sample_100kB - Copy (2) - Copy.docx
Decrypted: file-sample_100kB - Copy (2).doc
Decrypted: file-sample_100kB - Copy (2).docx
Decrypted: file-sample_100kB - Copy (3) - Copy.doc
Decrypted: file-sample_100kB - Copy (3) - Copy.docx
Decrypted: file-sample_100kB - Copy (3).doc
Decrypted: file-sample_100kB - Copy (3).docx
Decrypted: file-sample_100kB - Copy (4) - Copy.doc
Decrypted: file-sample_100kB - Copy (4) - Copy.docx
Decrypted: file-sample_100kB - Copy (4).doc
Decrypted: file-sample_100kB - Copy (4).docx
Decrypted: file-sample_100kB - Copy - Copy (2) - Copy.doc
Decrypted: file-sample_100kB - Copy - Copy (2) - Copy.docx
Decrypted: file-sample_100kB - Copy - Copy (2).doc
Decrypted: file-sample_100kB - Copy - Copy (2).docx
Decrypted: file-sample_100kB - Copy - Copy (3).doc
Decrypted: file-sample_100kB - Copy - Copy (3).docx
Decrypted: file-sample_100kB - Copy - Copy - Copy (2).doc
Decrypted: file-sample_100kB - Copy - Copy - Copy (2).docx
Decrypted: file-sample_100kB - Copy - Copy - Copy - Copy.doc
Decrypted: file-sample_100kB - Copy - Copy - Copy - Copy.docx
Decrypted: file-sample_100kB - Copy - Copy - Copy.doc
Decrypted: file-sample_100kB - Copy - Copy - Copy.docx
Decrypted: file-sample_100kB - Copy - Copy.doc
Decrypted: file-sample_100kB - Copy - Copy.docx
Decrypted: file-sample_100kB - Copy.doc
Decrypted: file-sample_100kB - Copy.docx
Decrypted: file-sample_100kB.doc
Decrypted: file-sample_100kB.docx
Decrypted: file-sample_1MB - Copy (2) - Copy - Copy.docx
Decrypted: file-sample_1MB - Copy (2) - Copy.docx
Decrypted: file-sample_1MB - Copy (2).docx
Decrypted: file-sample_1MB - Copy (3) - Copy.docx
Decrypted: file-sample_1MB - Copy (3).docx
Decrypted: file-sample_1MB - Copy (4) - Copy.docx
Decrypted: file-sample_1MB - Copy (4).docx
Decrypted: file-sample_1MB - Copy - Copy (2) - Copy.docx
Decrypted: file-sample_1MB - Copy - Copy (2).docx
Decrypted: file-sample_1MB - Copy - Copy (3).docx
Decrypted: file-sample_1MB - Copy - Copy - Copy (2).docx
Decrypted: file-sample_1MB - Copy - Copy - Copy - Copy.docx
Decrypted: file-sample_1MB - Copy - Copy - Copy.docx
Decrypted: file-sample_1MB - Copy - Copy.docx
Decrypted: file-sample_1MB - Copy.docx
Decrypted: file-sample_1MB.docx
Decrypted: file_example_favicon - Copy (2) - Copy - Copy.ico
Decrypted: file_example_favicon - Copy (2) - Copy.ico
Decrypted: file_example_favicon - Copy (2).ico
Decrypted: file_example_favicon - Copy (3) - Copy.ico
Decrypted: file_example_favicon - Copy (3).ico
Decrypted: file_example_favicon - Copy (4) - Copy.ico
Decrypted: file_example_favicon - Copy (4).ico
Decrypted: file_example_favicon - Copy - Copy (2) - Copy.ico
Decrypted: file_example_favicon - Copy - Copy (2).ico
Decrypted: file_example_favicon - Copy - Copy (3).ico
Decrypted: file_example_favicon - Copy - Copy - Copy (2).ico
Decrypted: file_example_favicon - Copy - Copy - Copy - Copy.ico
Decrypted: file_example_favicon - Copy - Copy - Copy.ico
Decrypted: file_example_favicon - Copy - Copy.ico
Decrypted: file_example_favicon - Copy.ico
Decrypted: file_example_favicon.ico
Decrypted: file_example_JPG_500kB - Copy (2) - Copy - Copy.jpg
Decrypted: file_example_JPG_500kB - Copy (2) - Copy.jpg
Decrypted: file_example_JPG_500kB - Copy (2).jpg
Decrypted: file_example_JPG_500kB - Copy (3) - Copy.jpg
Decrypted: file_example_JPG_500kB - Copy (3).jpg
Decrypted: file_example_JPG_500kB - Copy (4) - Copy.jpg
Decrypted: file_example_JPG_500kB - Copy (4).jpg
Decrypted: file_example_JPG_500kB - Copy - Copy (2) - Copy.jpg
Decrypted: file_example_JPG_500kB - Copy - Copy (2).jpg
Decrypted: file_example_JPG_500kB - Copy - Copy (3).jpg
Decrypted: file_example_JPG_500kB - Copy - Copy - Copy (2).jpg
Decrypted: file_example_JPG_500kB - Copy - Copy - Copy - Copy.jpg
Decrypted: file_example_JPG_500kB - Copy - Copy - Copy.jpg
Decrypted: file_example_JPG_500kB - Copy - Copy.jpg
Decrypted: file_example_JPG_500kB - Copy.jpg
Decrypted: file_example_JPG_500kB.jpg
Decrypted: file_example_MP3_2MG - Copy (2) - Copy - Copy.mp3
Decrypted: file_example_MP3_2MG - Copy (2) - Copy.mp3
Decrypted: file_example_MP3_2MG - Copy (2).mp3
Decrypted: file_example_MP3_2MG - Copy (3) - Copy.mp3
Decrypted: file_example_MP3_2MG - Copy (3).mp3
Decrypted: file_example_MP3_2MG - Copy (4) - Copy.mp3
Decrypted: file_example_MP3_2MG - Copy (4).mp3
Decrypted: file_example_MP3_2MG - Copy - Copy (2) - Copy.mp3
Decrypted: file_example_MP3_2MG - Copy - Copy (2).mp3
Decrypted: file_example_MP3_2MG - Copy - Copy (3).mp3
Decrypted: file_example_MP3_2MG - Copy - Copy - Copy (2).mp3
Decrypted: file_example_MP3_2MG - Copy - Copy - Copy - Copy.mp3
Decrypted: file_example_MP3_2MG - Copy - Copy - Copy.mp3
Decrypted: file_example_MP3_2MG - Copy - Copy.mp3
Decrypted: file_example_MP3_2MG - Copy.mp3
Decrypted: file_example_MP3_2MG.mp3
Decrypted: file_example_PNG_500kB - Copy (2) - Copy - Copy.png
Decrypted: file_example_PNG_500kB - Copy (2) - Copy.png
Decrypted: file_example_PNG_500kB - Copy (2).png
Decrypted: file_example_PNG_500kB - Copy (3) - Copy.png
Decrypted: file_example_PNG_500kB - Copy (3).png
Decrypted: file_example_PNG_500kB - Copy (4) - Copy.png
Decrypted: file_example_PNG_500kB - Copy (4).png
Decrypted: file_example_PNG_500kB - Copy - Copy (2) - Copy.png
Decrypted: file_example_PNG_500kB - Copy - Copy (2).png
Decrypted: file_example_PNG_500kB - Copy - Copy (3).png
Decrypted: file_example_PNG_500kB - Copy - Copy - Copy (2).png
Decrypted: file_example_PNG_500kB - Copy - Copy - Copy - Copy.png
Decrypted: file_example_PNG_500kB - Copy - Copy - Copy.png
Decrypted: file_example_PNG_500kB - Copy - Copy.png
Decrypted: file_example_PNG_500kB - Copy.png
Decrypted: file_example_PNG_500kB.png
Decrypted: file_example_PPT_1MB - Copy (2) - Copy - Copy.ppt
Decrypted: file_example_PPT_1MB - Copy (2) - Copy.ppt
Decrypted: file_example_PPT_1MB - Copy (2).ppt
Decrypted: file_example_PPT_1MB - Copy (3) - Copy.ppt
Decrypted: file_example_PPT_1MB - Copy (3).ppt
Decrypted: file_example_PPT_1MB - Copy (4) - Copy.ppt
Decrypted: file_example_PPT_1MB - Copy (4).ppt
Decrypted: file_example_PPT_1MB - Copy - Copy (2) - Copy.ppt
Decrypted: file_example_PPT_1MB - Copy - Copy (2).ppt
Decrypted: file_example_PPT_1MB - Copy - Copy (3).ppt
Decrypted: file_example_PPT_1MB - Copy - Copy - Copy (2).ppt
Decrypted: file_example_PPT_1MB - Copy - Copy - Copy - Copy.ppt
Decrypted: file_example_PPT_1MB - Copy - Copy - Copy.ppt
Decrypted: file_example_PPT_1MB - Copy - Copy.ppt
Decrypted: file_example_PPT_1MB - Copy.ppt
Decrypted: file_example_PPT_1MB.ppt
